Archive member included because of file (symbol)

c:/program files (x86)/gnu tools arm embedded/4.9 2015q3/bin/../lib/gcc/arm-none-eabi/4.9.3/../../../../arm-none-eabi/lib/armv7e-m/fpu\libg_nano.a(lib_a-errno.o)
                              ./synergy/ssp/src/bsp/mcu/all/bsp_sbrk.o (__errno)
c:/program files (x86)/gnu tools arm embedded/4.9 2015q3/bin/../lib/gcc/arm-none-eabi/4.9.3/../../../../arm-none-eabi/lib/armv7e-m/fpu\libg_nano.a(lib_a-exit.o)
                              c:/program files (x86)/gnu tools arm embedded/4.9 2015q3/bin/../lib/gcc/arm-none-eabi/4.9.3/../../../../arm-none-eabi/lib/armv7e-m/fpu/rdimon-crt0.o (exit)
c:/program files (x86)/gnu tools arm embedded/4.9 2015q3/bin/../lib/gcc/arm-none-eabi/4.9.3/../../../../arm-none-eabi/lib/armv7e-m/fpu\libg_nano.a(lib_a-impure.o)
                              c:/program files (x86)/gnu tools arm embedded/4.9 2015q3/bin/../lib/gcc/arm-none-eabi/4.9.3/../../../../arm-none-eabi/lib/armv7e-m/fpu\libg_nano.a(lib_a-exit.o) (_global_impure_ptr)
c:/program files (x86)/gnu tools arm embedded/4.9 2015q3/bin/../lib/gcc/arm-none-eabi/4.9.3/../../../../arm-none-eabi/lib/armv7e-m/fpu\libg_nano.a(lib_a-init.o)
                              c:/program files (x86)/gnu tools arm embedded/4.9 2015q3/bin/../lib/gcc/arm-none-eabi/4.9.3/../../../../arm-none-eabi/lib/armv7e-m/fpu/rdimon-crt0.o (__libc_init_array)
c:/program files (x86)/gnu tools arm embedded/4.9 2015q3/bin/../lib/gcc/arm-none-eabi/4.9.3/../../../../arm-none-eabi/lib/armv7e-m/fpu\libg_nano.a(lib_a-memset.o)
                              c:/program files (x86)/gnu tools arm embedded/4.9 2015q3/bin/../lib/gcc/arm-none-eabi/4.9.3/../../../../arm-none-eabi/lib/armv7e-m/fpu/rdimon-crt0.o (memset)
c:/program files (x86)/gnu tools arm embedded/4.9 2015q3/bin/../lib/gcc/arm-none-eabi/4.9.3/../../../../arm-none-eabi/lib/armv7e-m/fpu\librdimon_nano.a(rdimon-syscalls.o)
                              c:/program files (x86)/gnu tools arm embedded/4.9 2015q3/bin/../lib/gcc/arm-none-eabi/4.9.3/../../../../arm-none-eabi/lib/armv7e-m/fpu/rdimon-crt0.o (initialise_monitor_handles)
c:/program files (x86)/gnu tools arm embedded/4.9 2015q3/bin/../lib/gcc/arm-none-eabi/4.9.3/../../../../arm-none-eabi/lib/armv7e-m/fpu\librdimon_nano.a(rdimon-_exit.o)
                              c:/program files (x86)/gnu tools arm embedded/4.9 2015q3/bin/../lib/gcc/arm-none-eabi/4.9.3/../../../../arm-none-eabi/lib/armv7e-m/fpu\libg_nano.a(lib_a-exit.o) (_exit)
c:/program files (x86)/gnu tools arm embedded/4.9 2015q3/bin/../lib/gcc/arm-none-eabi/4.9.3/../../../../arm-none-eabi/lib/armv7e-m/fpu\librdimon_nano.a(rdimon-_kill.o)
                              c:/program files (x86)/gnu tools arm embedded/4.9 2015q3/bin/../lib/gcc/arm-none-eabi/4.9.3/../../../../arm-none-eabi/lib/armv7e-m/fpu\librdimon_nano.a(rdimon-_exit.o) (_kill)
c:/program files (x86)/gnu tools arm embedded/4.9 2015q3/bin/../lib/gcc/arm-none-eabi/4.9.3/../../../../arm-none-eabi/lib/armv7e-m/fpu\libc_nano.a(lib_a-findfp.o)
                              c:/program files (x86)/gnu tools arm embedded/4.9 2015q3/bin/../lib/gcc/arm-none-eabi/4.9.3/../../../../arm-none-eabi/lib/armv7e-m/fpu\librdimon_nano.a(rdimon-syscalls.o) (__sinit)
c:/program files (x86)/gnu tools arm embedded/4.9 2015q3/bin/../lib/gcc/arm-none-eabi/4.9.3/../../../../arm-none-eabi/lib/armv7e-m/fpu\libc_nano.a(lib_a-fwalk.o)
                              c:/program files (x86)/gnu tools arm embedded/4.9 2015q3/bin/../lib/gcc/arm-none-eabi/4.9.3/../../../../arm-none-eabi/lib/armv7e-m/fpu\libc_nano.a(lib_a-findfp.o) (_fwalk)
c:/program files (x86)/gnu tools arm embedded/4.9 2015q3/bin/../lib/gcc/arm-none-eabi/4.9.3/../../../../arm-none-eabi/lib/armv7e-m/fpu\libc_nano.a(lib_a-nano-mallocr.o)
                              c:/program files (x86)/gnu tools arm embedded/4.9 2015q3/bin/../lib/gcc/arm-none-eabi/4.9.3/../../../../arm-none-eabi/lib/armv7e-m/fpu\libc_nano.a(lib_a-findfp.o) (_malloc_r)
c:/program files (x86)/gnu tools arm embedded/4.9 2015q3/bin/../lib/gcc/arm-none-eabi/4.9.3/../../../../arm-none-eabi/lib/armv7e-m/fpu\libc_nano.a(lib_a-sbrkr.o)
                              c:/program files (x86)/gnu tools arm embedded/4.9 2015q3/bin/../lib/gcc/arm-none-eabi/4.9.3/../../../../arm-none-eabi/lib/armv7e-m/fpu\libc_nano.a(lib_a-nano-mallocr.o) (_sbrk_r)
c:/program files (x86)/gnu tools arm embedded/4.9 2015q3/bin/../lib/gcc/arm-none-eabi/4.9.3/../../../../arm-none-eabi/lib/armv7e-m/fpu\libc_nano.a(lib_a-stdio.o)
                              c:/program files (x86)/gnu tools arm embedded/4.9 2015q3/bin/../lib/gcc/arm-none-eabi/4.9.3/../../../../arm-none-eabi/lib/armv7e-m/fpu\libc_nano.a(lib_a-findfp.o) (__sread)
c:/program files (x86)/gnu tools arm embedded/4.9 2015q3/bin/../lib/gcc/arm-none-eabi/4.9.3/../../../../arm-none-eabi/lib/armv7e-m/fpu\libc_nano.a(lib_a-strlen.o)
[...]
Memory Configuration

Name             Origin             Length             Attributes
FLASH            0x00000000         0x00400000         xr
RAM              0x1ffe0000         0x000a0000         xrw
DATA_FLASH       0x40100000         0x00010000         xr
QSPI_FLASH       0x60000000         0x04000000         xr
SDRAM            0x90000000         0x02000000         xrw
ID_CODES         0x40120050         0x00000010         xr
*default*        0x00000000         0xffffffff

Linker script and memory map

LOAD c:/program files (x86)/gnu tools arm embedded/4.9 2015q3/bin/../lib/gcc/arm-none-eabi/4.9.3/armv7e-m/fpu/crti.o
LOAD c:/program files (x86)/gnu tools arm embedded/4.9 2015q3/bin/../lib/gcc/arm-none-eabi/4.9.3/armv7e-m/fpu/crtbegin.o
LOAD c:/program files (x86)/gnu tools arm embedded/4.9 2015q3/bin/../lib/gcc/arm-none-eabi/4.9.3/../../../../arm-none-eabi/lib/armv7e-m/fpu/rdimon-crt0.o
START GROUP
LOAD ./synergy/ssp/src/driver/r_ioport/r_ioport.o
LOAD ./synergy/ssp/src/driver/r_icu/r_icu.o
LOAD ./synergy/ssp/src/driver/r_fmi/r_fmi.o
LOAD ./synergy/ssp/src/driver/r_elc/r_elc.o
LOAD ./synergy/ssp/src/driver/r_cgc/hw/hw_cgc.o
LOAD ./synergy/ssp/src/driver/r_cgc/r_cgc.o
LOAD ./synergy/ssp/src/bsp/mcu/s7g2/bsp_cache.o
LOAD ./synergy/ssp/src/bsp/mcu/s7g2/bsp_clocks.o
LOAD ./synergy/ssp/src/bsp/mcu/s7g2/bsp_feature.o
LOAD ./synergy/ssp/src/bsp/mcu/s7g2/bsp_fmi_R7FS7G27H3A01CFC.o
LOAD ./synergy/ssp/src/bsp/mcu/s7g2/bsp_group_irq.o
LOAD ./synergy/ssp/src/bsp/mcu/s7g2/bsp_hw_locks.o
LOAD ./synergy/ssp/src/bsp/mcu/s7g2/bsp_module_stop.o
LOAD ./synergy/ssp/src/bsp/mcu/s7g2/bsp_rom_registers.o
LOAD ./synergy/ssp/src/bsp/mcu/all/bsp_common.o
LOAD ./synergy/ssp/src/bsp/mcu/all/bsp_common_leds.o
LOAD ./synergy/ssp/src/bsp/mcu/all/bsp_delay.o
LOAD ./synergy/ssp/src/bsp/mcu/all/bsp_irq.o
LOAD ./synergy/ssp/src/bsp/mcu/all/bsp_locking.o
LOAD ./synergy/ssp/src/bsp/mcu/all/bsp_register_protection.o
LOAD ./synergy/ssp/src/bsp/mcu/all/bsp_sbrk.o
LOAD ./synergy/ssp/src/bsp/cmsis/Device/RENESAS/S7G2/Source/startup_S7G2.o
LOAD ./synergy/ssp/src/bsp/cmsis/Device/RENESAS/S7G2/Source/system_S7G2.o
LOAD ./synergy/board/s7g2_sk/bsp_init.o
LOAD ./synergy/board/s7g2_sk/bsp_leds.o
LOAD ./synergy/board/s7g2_sk/bsp_qspi.o
LOAD ./src/synergy_gen/common_data.o
LOAD ./src/synergy_gen/hal_data.o
LOAD ./src/synergy_gen/main.o
LOAD ./src/synergy_gen/pin_data.o
LOAD ./src/hal_entry.o
LOAD C:\Users\SEI203\e2_studio\workspace\Proy_4_ControlSemaforo\synergy\ssp\src\bsp\cmsis\DSP_Lib\cm4_gcc\libDSP_Lib.a
END GROUP
START GROUP
LOAD c:/program files (x86)/gnu tools arm embedded/4.9 2015q3/bin/../lib/gcc/arm-none-eabi/4.9.3/armv7e-m/fpu\libgcc.a
LOAD c:/program files (x86)/gnu tools arm embedded/4.9 2015q3/bin/../lib/gcc/arm-none-eabi/4.9.3/../../../../arm-none-eabi/lib/armv7e-m/fpu\libg_nano.a
LOAD c:/program files (x86)/gnu tools arm embedded/4.9 2015q3/bin/../lib/gcc/arm-none-eabi/4.9.3/../../../../arm-none-eabi/lib/armv7e-m/fpu\libc_nano.a
END GROUP
START GROUP
LOAD c:/program files (x86)/gnu tools arm embedded/4.9 2015q3/bin/../lib/gcc/arm-none-eabi/4.9.3/armv7e-m/fpu\libgcc.a
LOAD c:/program files (x86)/gnu tools arm embedded/4.9 2015q3/bin/../lib/gcc/arm-none-eabi/4.9.3/../../../../arm-none-eabi/lib/armv7e-m/fpu\libc_nano.a
LOAD c:/program files (x86)/gnu tools arm embedded/4.9 2015q3/bin/../lib/gcc/arm-none-eabi/4.9.3/../../../../arm-none-eabi/lib/armv7e-m/fpu\librdimon_nano.a
END GROUP
START GROUP
LOAD c:/program files (x86)/gnu tools arm embedded/4.9 2015q3/bin/../lib/gcc/arm-none-eabi/4.9.3/armv7e-m/fpu\libgcc.a
LOAD c:/program files (x86)/gnu tools arm embedded/4.9 2015q3/bin/../lib/gcc/arm-none-eabi/4.9.3/../../../../arm-none-eabi/lib/armv7e-m/fpu\libc_nano.a
LOAD c:/program files (x86)/gnu tools arm embedded/4.9 2015q3/bin/../lib/gcc/arm-none-eabi/4.9.3/../../../../arm-none-eabi/lib/armv7e-m/fpu\librdimon_nano.a
END GROUP
LOAD c:/program files (x86)/gnu tools arm embedded/4.9 2015q3/bin/../lib/gcc/arm-none-eabi/4.9.3/armv7e-m/fpu/crtend.o
LOAD c:/program files (x86)/gnu tools arm embedded/4.9 2015q3/bin/../lib/gcc/arm-none-eabi/4.9.3/armv7e-m/fpu/crtn.o
START GROUP
LOAD c:/program files (x86)/gnu tools arm embedded/4.9 2015q3/bin/../lib/gcc/arm-none-eabi/4.9.3/armv7e-m/fpu\libgcc.a
LOAD c:/program files (x86)/gnu tools arm embedded/4.9 2015q3/bin/../lib/gcc/arm-none-eabi/4.9.3/../../../../arm-none-eabi/lib/armv7e-m/fpu\libc.a
LOAD c:/program files (x86)/gnu tools arm embedded/4.9 2015q3/bin/../lib/gcc/arm-none-eabi/4.9.3/../../../../arm-none-eabi/lib/armv7e-m/fpu\libm.a
LOAD c:/program files (x86)/gnu tools arm embedded/4.9 2015q3/bin/../lib/gcc/arm-none-eabi/4.9.3/../../../../arm-none-eabi/lib/armv7e-m/fpu\libnosys.a
END GROUP

.text           0x00000000     0x43a4
                0x00000000                __ROM_Start = .
 *(.vectors)
 .vectors       0x00000000       0x40 ./synergy/ssp/src/bsp/cmsis/Device/RENESAS/S7G2/Source/startup_S7G2.o
                0x00000000                __Vectors
 *(SORT(.vector.*))
 .vector.ICU_IRQ10
                0x00000040        0x4 ./src/synergy_gen/hal_data.o
                0x00000040                g_vector_ICU_IRQ10
 .vector.ICU_IRQ11
                0x00000044        0x4 ./src/synergy_gen/hal_data.o
                0x00000044                g_vector_ICU_IRQ11
                0x00000048                __Vectors_End = .
                0x00000048                __end__ = .
                0x00000400                . = (__ROM_Start + 0x400)
 *fill*         0x00000048      0x3b8 ff
 *(.rom_registers*)
 .rom_registers
                0x00000400       0x3c ./synergy/ssp/src/bsp/mcu/s7g2/bsp_rom_registers.o
                0x00000500                . = (__ROM_Start + 0x500)
 *fill*         0x0000043c       0xc4 ff
                0x00000500                __Vector_Info_Start = .
 *(SORT(.vector_info.*))
 .vector_info.ICU_IRQ10
                0x00000500        0x8 ./src/synergy_gen/hal_data.o
                0x00000500                g_vector_info_ICU_IRQ10
 .vector_info.ICU_IRQ11
                0x00000508        0x8 ./src/synergy_gen/hal_data.o
                0x00000508                g_vector_info_ICU_IRQ11
                0x00000510                __Vector_Info_End = .
                0x00000510                __Lock_Lookup_Start = .
 *(SORT(.hw_lock_lookup.*))
 .hw_lock_lookup.ADC_0U_0U
                0x00000510        0x4 ./synergy/ssp/src/bsp/mcu/s7g2/bsp_hw_locks.o
                0x00000510                g_lock_lookup_ADC_0U_0U
 .hw_lock_lookup.ADC_0U_1U
                0x00000514        0x4 ./synergy/ssp/src/bsp/mcu/s7g2/bsp_hw_locks.o
                0x00000514                g_lock_lookup_ADC_0U_1U
 .hw_lock_lookup.AGT_0U_0U
                0x00000518        0x4 ./synergy/ssp/src/bsp/mcu/s7g2/bsp_hw_locks.o
                0x00000518                g_lock_lookup_AGT_0U_0U
 .hw_lock_lookup.AGT_0U_1U
                0x0000051c        0x4 ./synergy/ssp/src/bsp/mcu/s7g2/bsp_hw_locks.o
                0x0000051c                g_lock_lookup_AGT_0U_1U
 .hw_lock_lookup.BSC_0U_1U
                0x00000520        0x4 ./synergy/ssp/src/bsp/mcu/s7g2/bsp_hw_locks.o
                0x00000520                g_lock_lookup_BSC_0U_1U
 .hw_lock_lookup.CAC_0U_0U
                0x00000524        0x4 ./synergy/ssp/src/bsp/mcu/s7g2/bsp_hw_locks.o
                0x00000524                g_lock_lookup_CAC_0U_0U
 .hw_lock_lookup.CAN_0U_0U
                0x00000528        0x4 ./synergy/ssp/src/bsp/mcu/s7g2/bsp_hw_locks.o
                0x00000528                g_lock_lookup_CAN_0U_0U
 .hw_lock_lookup.CAN_0U_1U
                0x0000052c        0x4 ./synergy/ssp/src/bsp/mcu/s7g2/bsp_hw_locks.o
                0x0000052c                g_lock_lookup_CAN_0U_1U
 .hw_lock_lookup.COMP_HS_0U_0U
                0x00000530        0x4 ./synergy/ssp/src/bsp/mcu/s7g2/bsp_hw_locks.o
                0x00000530                g_lock_lookup_COMP_HS_0U_0U
 .hw_lock_lookup.COMP_HS_0U_1U
                0x00000534        0x4 ./synergy/ssp/src/bsp/mcu/s7g2/bsp_hw_locks.o
                0x00000534                g_lock_lookup_COMP_HS_0U_1U
 .hw_lock_lookup.COMP_HS_0U_2U
                0x00000538        0x4 ./synergy/ssp/src/bsp/mcu/s7g2/bsp_hw_locks.o
                0x00000538                g_lock_lookup_COMP_HS_0U_2U
 .hw_lock_lookup.COMP_HS_0U_3U
                0x0000053c        0x4 ./synergy/ssp/src/bsp/mcu/s7g2/bsp_hw_locks.o
                0x0000053c                g_lock_lookup_COMP_HS_0U_3U
 .hw_lock_lookup.COMP_HS_0U_4U
                0x00000540        0x4 ./synergy/ssp/src/bsp/mcu/s7g2/bsp_hw_locks.o
                0x00000540                g_lock_lookup_COMP_HS_0U_4U
 .hw_lock_lookup.COMP_HS_0U_5U
                0x00000544        0x4 ./synergy/ssp/src/bsp/mcu/s7g2/bsp_hw_locks.o
                0x00000544                g_lock_lookup_COMP_HS_0U_5U
 .hw_lock_lookup.CRC_0U_0U
                0x00000548        0x4 ./synergy/ssp/src/bsp/mcu/s7g2/bsp_hw_locks.o
                0x00000548                g_lock_lookup_CRC_0U_0U
 .hw_lock_lookup.CTSU_0U_0U
                0x0000054c        0x4 ./synergy/ssp/src/bsp/mcu/s7g2/bsp_hw_locks.o
                0x0000054c                g_lock_lookup_CTSU_0U_0U
 .hw_lock_lookup.DAAD_0U_0U
                0x00000550        0x4 ./synergy/ssp/src/bsp/mcu/s7g2/bsp_hw_locks.o
                0x00000550                g_lock_lookup_DAAD_0U_0U
 .hw_lock_lookup.DAC_0U_0U
                0x00000554        0x4 ./synergy/ssp/src/bsp/mcu/s7g2/bsp_hw_locks.o
                0x00000554                g_lock_lookup_DAC_0U_0U
 .hw_lock_lookup.DAC_0U_1U
                0x00000558        0x4 ./synergy/ssp/src/bsp/mcu/s7g2/bsp_hw_locks.o
                0x00000558                g_lock_lookup_DAC_0U_1U
 .hw_lock_lookup.DMAC_0U_0U
                0x0000055c        0x4 ./synergy/ssp/src/bsp/mcu/s7g2/bsp_hw_locks.o
                0x0000055c                g_lock_lookup_DMAC_0U_0U
 .hw_lock_lookup.DMAC_0U_1U
                0x00000560        0x4 ./synergy/ssp/src/bsp/mcu/s7g2/bsp_hw_locks.o
                0x00000560                g_lock_lookup_DMAC_0U_1U
 .hw_lock_lookup.DMAC_0U_2U
                0x00000564        0x4 ./synergy/ssp/src/bsp/mcu/s7g2/bsp_hw_locks.o
                0x00000564                g_lock_lookup_DMAC_0U_2U
 .hw_lock_lookup.DMAC_0U_3U
                0x00000568        0x4 ./synergy/ssp/src/bsp/mcu/s7g2/bsp_hw_locks.o
                0x00000568                g_lock_lookup_DMAC_0U_3U
 .hw_lock_lookup.DMAC_0U_4U
                0x0000056c        0x4 ./synergy/ssp/src/bsp/mcu/s7g2/bsp_hw_locks.o
                0x0000056c                g_lock_lookup_DMAC_0U_4U
 .hw_lock_lookup.DMAC_0U_5U
                0x00000570        0x4 ./synergy/ssp/src/bsp/mcu/s7g2/bsp_hw_locks.o
                0x00000570                g_lock_lookup_DMAC_0U_5U
 .hw_lock_lookup.DMAC_0U_6U
                0x00000574        0x4 ./synergy/ssp/src/bsp/mcu/s7g2/bsp_hw_locks.o
                0x00000574                g_lock_lookup_DMAC_0U_6U
 .hw_lock_lookup.DMAC_0U_7U
                0x00000578        0x4 ./synergy/ssp/src/bsp/mcu/s7g2/bsp_hw_locks.o
                0x00000578                g_lock_lookup_DMAC_0U_7U
 .hw_lock_lookup.DOC_0U_0U
                0x0000057c        0x4 ./synergy/ssp/src/bsp/mcu/s7g2/bsp_hw_locks.o
                0x0000057c                g_lock_lookup_DOC_0U_0U
 .hw_lock_lookup.DRW_0U_0U
                0x00000580        0x4 ./synergy/ssp/src/bsp/mcu/s7g2/bsp_hw_locks.o
                0x00000580                g_lock_lookup_DRW_0U_0U
 .hw_lock_lookup.DTC_0U_0U
                0x00000584        0x4 ./synergy/ssp/src/bsp/mcu/s7g2/bsp_hw_locks.o
                0x00000584                g_lock_lookup_DTC_0U_0U
 .hw_lock_lookup.ELC_0U_0U
                0x00000588        0x4 ./synergy/ssp/src/bsp/mcu/s7g2/bsp_hw_locks.o
                0x00000588                g_lock_lookup_ELC_0U_0U
 .hw_lock_lookup.EPTPC_0U_0U
                0x0000058c        0x4 ./synergy/ssp/src/bsp/mcu/s7g2/bsp_hw_locks.o
                0x0000058c                g_lock_lookup_EPTPC_0U_0U
 .hw_lock_lookup.ETHER_0U_0U
                0x00000590        0x4 ./synergy/ssp/src/bsp/mcu/s7g2/bsp_hw_locks.o
                0x00000590                g_lock_lookup_ETHER_0U_0U
 .hw_lock_lookup.ETHER_0U_1U
                0x00000594        0x4 ./synergy/ssp/src/bsp/mcu/s7g2/bsp_hw_locks.o
                0x00000594                g_lock_lookup_ETHER_0U_1U
 .hw_lock_lookup.FCU_0U_0U
                0x00000598        0x4 ./synergy/ssp/src/bsp/mcu/s7g2/bsp_hw_locks.o
                0x00000598                g_lock_lookup_FCU_0U_0U
 .hw_lock_lookup.GLCDC_0U_0U
                0x0000059c        0x4 ./synergy/ssp/src/bsp/mcu/s7g2/bsp_hw_locks.o
                0x0000059c                g_lock_lookup_GLCDC_0U_0U
 .hw_lock_lookup.GPT_0U_0U
                0x000005a0        0x4 ./synergy/ssp/src/bsp/mcu/s7g2/bsp_hw_locks.o
                0x000005a0                g_lock_lookup_GPT_0U_0U
 .hw_lock_lookup.GPT_0U_10U
                0x000005a4        0x4 ./synergy/ssp/src/bsp/mcu/s7g2/bsp_hw_locks.o
                0x000005a4                g_lock_lookup_GPT_0U_10U
 .hw_lock_lookup.GPT_0U_11U
                0x000005a8        0x4 ./synergy/ssp/src/bsp/mcu/s7g2/bsp_hw_locks.o
                0x000005a8                g_lock_lookup_GPT_0U_11U
 .hw_lock_lookup.GPT_0U_12U
                0x000005ac        0x4 ./synergy/ssp/src/bsp/mcu/s7g2/bsp_hw_locks.o
                0x000005ac                g_lock_lookup_GPT_0U_12U
 .hw_lock_lookup.GPT_0U_13U
                0x000005b0        0x4 ./synergy/ssp/src/bsp/mcu/s7g2/bsp_hw_locks.o
                0x000005b0                g_lock_lookup_GPT_0U_13U
 .hw_lock_lookup.GPT_0U_1U
                0x000005b4        0x4 ./synergy/ssp/src/bsp/mcu/s7g2/bsp_hw_locks.o
                0x000005b4                g_lock_lookup_GPT_0U_1U
 .hw_lock_lookup.GPT_0U_2U
                0x000005b8        0x4 ./synergy/ssp/src/bsp/mcu/s7g2/bsp_hw_locks.o
                0x000005b8                g_lock_lookup_GPT_0U_2U
 .hw_lock_lookup.GPT_0U_3U
                0x000005bc        0x4 ./synergy/ssp/src/bsp/mcu/s7g2/bsp_hw_locks.o
                0x000005bc                g_lock_lookup_GPT_0U_3U
 .hw_lock_lookup.GPT_0U_4U
                0x000005c0        0x4 ./synergy/ssp/src/bsp/mcu/s7g2/bsp_hw_locks.o
                0x000005c0                g_lock_lookup_GPT_0U_4U
 .hw_lock_lookup.GPT_0U_5U
                0x000005c4        0x4 ./synergy/ssp/src/bsp/mcu/s7g2/bsp_hw_locks.o
                0x000005c4                g_lock_lookup_GPT_0U_5U
 .hw_lock_lookup.GPT_0U_6U
                0x000005c8        0x4 ./synergy/ssp/src/bsp/mcu/s7g2/bsp_hw_locks.o
                0x000005c8                g_lock_lookup_GPT_0U_6U
 .hw_lock_lookup.GPT_0U_7U
                0x000005cc        0x4 ./synergy/ssp/src/bsp/mcu/s7g2/bsp_hw_locks.o
                0x000005cc                g_lock_lookup_GPT_0U_7U
 .hw_lock_lookup.GPT_0U_8U
                0x000005d0        0x4 ./synergy/ssp/src/bsp/mcu/s7g2/bsp_hw_locks.o
                0x000005d0                g_lock_lookup_GPT_0U_8U
 .hw_lock_lookup.GPT_0U_9U
                0x000005d4        0x4 ./synergy/ssp/src/bsp/mcu/s7g2/bsp_hw_locks.o
                0x000005d4                g_lock_lookup_GPT_0U_9U
 .hw_lock_lookup.ICU_0U_0U
                0x000005d8        0x4 ./synergy/ssp/src/bsp/mcu/s7g2/bsp_hw_locks.o
                0x000005d8                g_lock_lookup_ICU_0U_0U
 .hw_lock_lookup.ICU_0U_10U
                0x000005dc        0x4 ./synergy/ssp/src/bsp/mcu/s7g2/bsp_hw_locks.o
                0x000005dc                g_lock_lookup_ICU_0U_10U
 .hw_lock_lookup.ICU_0U_11U
                0x000005e0        0x4 ./synergy/ssp/src/bsp/mcu/s7g2/bsp_hw_locks.o
                0x000005e0                g_lock_lookup_ICU_0U_11U
 .hw_lock_lookup.ICU_0U_12U
                0x000005e4        0x4 ./synergy/ssp/src/bsp/mcu/s7g2/bsp_hw_locks.o
                0x000005e4                g_lock_lookup_ICU_0U_12U
 .hw_lock_lookup.ICU_0U_13U
                0x000005e8        0x4 ./synergy/ssp/src/bsp/mcu/s7g2/bsp_hw_locks.o
                0x000005e8                g_lock_lookup_ICU_0U_13U
 .hw_lock_lookup.ICU_0U_14U
                0x000005ec        0x4 ./synergy/ssp/src/bsp/mcu/s7g2/bsp_hw_locks.o
                0x000005ec                g_lock_lookup_ICU_0U_14U
 .hw_lock_lookup.ICU_0U_15U
                0x000005f0        0x4 ./synergy/ssp/src/bsp/mcu/s7g2/bsp_hw_locks.o
                0x000005f0                g_lock_lookup_ICU_0U_15U
 .hw_lock_lookup.ICU_0U_1U
                0x000005f4        0x4 ./synergy/ssp/src/bsp/mcu/s7g2/bsp_hw_locks.o
                0x000005f4                g_lock_lookup_ICU_0U_1U
 .hw_lock_lookup.ICU_0U_2U
                0x000005f8        0x4 ./synergy/ssp/src/bsp/mcu/s7g2/bsp_hw_locks.o
                0x000005f8                g_lock_lookup_ICU_0U_2U
 .hw_lock_lookup.ICU_0U_3U
                0x000005fc        0x4 ./synergy/ssp/src/bsp/mcu/s7g2/bsp_hw_locks.o
                0x000005fc                g_lock_lookup_ICU_0U_3U
 .hw_lock_lookup.ICU_0U_4U
                0x00000600        0x4 ./synergy/ssp/src/bsp/mcu/s7g2/bsp_hw_locks.o
                0x00000600                g_lock_lookup_ICU_0U_4U
 .hw_lock_lookup.ICU_0U_5U
                0x00000604        0x4 ./synergy/ssp/src/bsp/mcu/s7g2/bsp_hw_locks.o
                0x00000604                g_lock_lookup_ICU_0U_5U
 .hw_lock_lookup.ICU_0U_6U
                0x00000608        0x4 ./synergy/ssp/src/bsp/mcu/s7g2/bsp_hw_locks.o
                0x00000608                g_lock_lookup_ICU_0U_6U
 .hw_lock_lookup.ICU_0U_7U
                0x0000060c        0x4 ./synergy/ssp/src/bsp/mcu/s7g2/bsp_hw_locks.o
                0x0000060c                g_lock_lookup_ICU_0U_7U
 .hw_lock_lookup.ICU_0U_8U
                0x00000610        0x4 ./synergy/ssp/src/bsp/mcu/s7g2/bsp_hw_locks.o
                0x00000610                g_lock_lookup_ICU_0U_8U
 .hw_lock_lookup.ICU_0U_9U
                0x00000614        0x4 ./synergy/ssp/src/bsp/mcu/s7g2/bsp_hw_locks.o
                0x00000614                g_lock_lookup_ICU_0U_9U
 .hw_lock_lookup.IIC_0U_0U
                0x00000618        0x4 ./synergy/ssp/src/bsp/mcu/s7g2/bsp_hw_locks.o
                0x00000618                g_lock_lookup_IIC_0U_0U
 .hw_lock_lookup.IIC_0U_1U
                0x0000061c        0x4 ./synergy/ssp/src/bsp/mcu/s7g2/bsp_hw_locks.o
                0x0000061c                g_lock_lookup_IIC_0U_1U
 .hw_lock_lookup.IIC_0U_2U
                0x00000620        0x4 ./synergy/ssp/src/bsp/mcu/s7g2/bsp_hw_locks.o
                0x00000620                g_lock_lookup_IIC_0U_2U
 .hw_lock_lookup.IRDA_0U_0U
                0x00000624        0x4 ./synergy/ssp/src/bsp/mcu/s7g2/bsp_hw_locks.o
                0x00000624                g_lock_lookup_IRDA_0U_0U
 .hw_lock_lookup.IWDT_0U_0U
                0x00000628        0x4 ./synergy/ssp/src/bsp/mcu/s7g2/bsp_hw_locks.o
                0x00000628                g_lock_lookup_IWDT_0U_0U
 .hw_lock_lookup.JPEG_0U_0U
                0x0000062c        0x4 ./synergy/ssp/src/bsp/mcu/s7g2/bsp_hw_locks.o
                0x0000062c                g_lock_lookup_JPEG_0U_0U
 .hw_lock_lookup.KEY_0U_0U
                0x00000630        0x4 ./synergy/ssp/src/bsp/mcu/s7g2/bsp_hw_locks.o
                0x00000630                g_lock_lookup_KEY_0U_0U
 .hw_lock_lookup.LPM_1U_0U
                0x00000634        0x4 ./synergy/ssp/src/bsp/mcu/s7g2/bsp_hw_locks.o
                0x00000634                g_lock_lookup_LPM_1U_0U
 .hw_lock_lookup.LVD_0U_0U
                0x00000638        0x4 ./synergy/ssp/src/bsp/mcu/s7g2/bsp_hw_locks.o
                0x00000638                g_lock_lookup_LVD_0U_0U
 .hw_lock_lookup.LVD_0U_1U
                0x0000063c        0x4 ./synergy/ssp/src/bsp/mcu/s7g2/bsp_hw_locks.o
                0x0000063c                g_lock_lookup_LVD_0U_1U
 .hw_lock_lookup.MMF_0U_0U
                0x00000640        0x4 ./synergy/ssp/src/bsp/mcu/s7g2/bsp_hw_locks.o
                0x00000640                g_lock_lookup_MMF_0U_0U
 .hw_lock_lookup.MPU_0U_0U
                0x00000644        0x4 ./synergy/ssp/src/bsp/mcu/s7g2/bsp_hw_locks.o
                0x00000644                g_lock_lookup_MPU_0U_0U
 .hw_lock_lookup.OPS_0U_0U
                0x00000648        0x4 ./synergy/ssp/src/bsp/mcu/s7g2/bsp_hw_locks.o
                0x00000648                g_lock_lookup_OPS_0U_0U
 .hw_lock_lookup.PDC_0U_0U
                0x0000064c        0x4 ./synergy/ssp/src/bsp/mcu/s7g2/bsp_hw_locks.o
                0x0000064c                g_lock_lookup_PDC_0U_0U
 .hw_lock_lookup.POEG_0U_0U
                0x00000650        0x4 ./synergy/ssp/src/bsp/mcu/s7g2/bsp_hw_locks.o
                0x00000650                g_lock_lookup_POEG_0U_0U
 .hw_lock_lookup.POEG_0U_1U
                0x00000654        0x4 ./synergy/ssp/src/bsp/mcu/s7g2/bsp_hw_locks.o
                0x00000654                g_lock_lookup_POEG_0U_1U
 .hw_lock_lookup.POEG_0U_2U
                0x00000658        0x4 ./synergy/ssp/src/bsp/mcu/s7g2/bsp_hw_locks.o
                0x00000658                g_lock_lookup_POEG_0U_2U
 .hw_lock_lookup.POEG_0U_3U
                0x0000065c        0x4 ./synergy/ssp/src/bsp/mcu/s7g2/bsp_hw_locks.o
                0x0000065c                g_lock_lookup_POEG_0U_3U
 .hw_lock_lookup.QSPI_0U_0U
                0x00000660        0x4 ./synergy/ssp/src/bsp/mcu/s7g2/bsp_hw_locks.o
                0x00000660                g_lock_lookup_QSPI_0U_0U
 .hw_lock_lookup.RTC_0U_0U
                0x00000664        0x4 ./synergy/ssp/src/bsp/mcu/s7g2/bsp_hw_locks.o
                0x00000664                g_lock_lookup_RTC_0U_0U
 .hw_lock_lookup.SCE_0U_0U
                0x00000668        0x4 ./synergy/ssp/src/bsp/mcu/s7g2/bsp_hw_locks.o
                0x00000668                g_lock_lookup_SCE_0U_0U
 .hw_lock_lookup.SCI_0U_0U
                0x0000066c        0x4 ./synergy/ssp/src/bsp/mcu/s7g2/bsp_hw_locks.o
                0x0000066c                g_lock_lookup_SCI_0U_0U
 .hw_lock_lookup.SCI_0U_1U
                0x00000670        0x4 ./synergy/ssp/src/bsp/mcu/s7g2/bsp_hw_locks.o
                0x00000670                g_lock_lookup_SCI_0U_1U
 .hw_lock_lookup.SCI_0U_2U
                0x00000674        0x4 ./synergy/ssp/src/bsp/mcu/s7g2/bsp_hw_locks.o
                0x00000674                g_lock_lookup_SCI_0U_2U
 .hw_lock_lookup.SCI_0U_3U
                0x00000678        0x4 ./synergy/ssp/src/bsp/mcu/s7g2/bsp_hw_locks.o
                0x00000678                g_lock_lookup_SCI_0U_3U
 .hw_lock_lookup.SCI_0U_4U
                0x0000067c        0x4 ./synergy/ssp/src/bsp/mcu/s7g2/bsp_hw_locks.o
                0x0000067c                g_lock_lookup_SCI_0U_4U
 .hw_lock_lookup.SCI_0U_5U
                0x00000680        0x4 ./synergy/ssp/src/bsp/mcu/s7g2/bsp_hw_locks.o
                0x00000680                g_lock_lookup_SCI_0U_5U
 .hw_lock_lookup.SCI_0U_6U
                0x00000684        0x4 ./synergy/ssp/src/bsp/mcu/s7g2/bsp_hw_locks.o
                0x00000684                g_lock_lookup_SCI_0U_6U
 .hw_lock_lookup.SCI_0U_7U
                0x00000688        0x4 ./synergy/ssp/src/bsp/mcu/s7g2/bsp_hw_locks.o
                0x00000688                g_lock_lookup_SCI_0U_7U
 .hw_lock_lookup.SCI_0U_8U
                0x0000068c        0x4 ./synergy/ssp/src/bsp/mcu/s7g2/bsp_hw_locks.o
                0x0000068c                g_lock_lookup_SCI_0U_8U
 .hw_lock_lookup.SCI_0U_9U
                0x00000690        0x4 ./synergy/ssp/src/bsp/mcu/s7g2/bsp_hw_locks.o
                0x00000690                g_lock_lookup_SCI_0U_9U
 .hw_lock_lookup.SDHIMMC_0U_0U
                0x00000694        0x4 ./synergy/ssp/src/bsp/mcu/s7g2/bsp_hw_locks.o
                0x00000694                g_lock_lookup_SDHIMMC_0U_0U
 .hw_lock_lookup.SDHIMMC_0U_1U
                0x00000698        0x4 ./synergy/ssp/src/bsp/mcu/s7g2/bsp_hw_locks.o
                0x00000698                g_lock_lookup_SDHIMMC_0U_1U
 .hw_lock_lookup.SPI_0U_0U
                0x0000069c        0x4 ./synergy/ssp/src/bsp/mcu/s7g2/bsp_hw_locks.o
                0x0000069c                g_lock_lookup_SPI_0U_0U
 .hw_lock_lookup.SPI_0U_1U
                0x000006a0        0x4 ./synergy/ssp/src/bsp/mcu/s7g2/bsp_hw_locks.o
                0x000006a0                g_lock_lookup_SPI_0U_1U
 .hw_lock_lookup.SRC_0U_0U
                0x000006a4        0x4 ./synergy/ssp/src/bsp/mcu/s7g2/bsp_hw_locks.o
                0x000006a4                g_lock_lookup_SRC_0U_0U
 .hw_lock_lookup.SSI_0U_0U
                0x000006a8        0x4 ./synergy/ssp/src/bsp/mcu/s7g2/bsp_hw_locks.o
                0x000006a8                g_lock_lookup_SSI_0U_0U
 .hw_lock_lookup.SSI_0U_1U
                0x000006ac        0x4 ./synergy/ssp/src/bsp/mcu/s7g2/bsp_hw_locks.o
                0x000006ac                g_lock_lookup_SSI_0U_1U
 .hw_lock_lookup.TSN_0U_0U
                0x000006b0        0x4 ./synergy/ssp/src/bsp/mcu/s7g2/bsp_hw_locks.o
                0x000006b0                g_lock_lookup_TSN_0U_0U
 .hw_lock_lookup.USB_0U_0U
                0x000006b4        0x4 ./synergy/ssp/src/bsp/mcu/s7g2/bsp_hw_locks.o
                0x000006b4                g_lock_lookup_USB_0U_0U
 .hw_lock_lookup.USB_1U_0U
                0x000006b8        0x4 ./synergy/ssp/src/bsp/mcu/s7g2/bsp_hw_locks.o
                0x000006b8                g_lock_lookup_USB_1U_0U
 .hw_lock_lookup.WDT_0U_0U
                0x000006bc        0x4 ./synergy/ssp/src/bsp/mcu/s7g2/bsp_hw_locks.o
                0x000006bc                g_lock_lookup_WDT_0U_0U
                0x000006c0                __Lock_Lookup_End = .
 *(.text*)
 .text          0x000006c0       0x5c c:/program files (x86)/gnu tools arm embedded/4.9 2015q3/bin/../lib/gcc/arm-none-eabi/4.9.3/armv7e-m/fpu/crtbegin.o
 .text.R_IOPORT_PinRead
                0x0000071c       0x48 ./synergy/ssp/src/driver/r_ioport/r_ioport.o
                0x0000071c                R_IOPORT_PinRead
 .text.R_IOPORT_PortRead
                0x00000764       0x28 ./synergy/ssp/src/driver/r_ioport/r_ioport.o
                0x00000764                R_IOPORT_PortRead
 .text.R_IOPORT_PortEventInputRead
                0x0000078c       0x28 ./synergy/ssp/src/driver/r_ioport/r_ioport.o
                0x0000078c                R_IOPORT_PortEventInputRead
 .text.R_IOPORT_PinEventInputRead
                0x000007b4       0x58 ./synergy/ssp/src/driver/r_ioport/r_ioport.o
                0x000007b4                R_IOPORT_PinEventInputRead
 .text.R_IOPORT_PortEventOutputWrite
                0x0000080c       0x38 ./synergy/ssp/src/driver/r_ioport/r_ioport.o
                0x0000080c                R_IOPORT_PortEventOutputWrite
 .text.R_IOPORT_PinEventOutputWrite
                0x00000844       0x54 ./synergy/ssp/src/driver/r_ioport/r_ioport.o
                0x00000844                R_IOPORT_PinEventOutputWrite
 .text.R_IOPORT_VersionGet
                0x00000898       0x18 ./synergy/ssp/src/driver/r_ioport/r_ioport.o
                0x00000898                R_IOPORT_VersionGet
 .text.R_IOPORT_PinDirectionSet
                0x000008b0       0xcc ./synergy/ssp/src/driver/r_ioport/r_ioport.o
                0x000008b0                R_IOPORT_PinDirectionSet
 .text.R_IOPORT_PortWrite
                0x0000097c       0x38 ./synergy/ssp/src/driver/r_ioport/r_ioport.o
                0x0000097c                R_IOPORT_PortWrite
 .text.R_IOPORT_PortDirectionSet
                0x000009b4       0x40 ./synergy/ssp/src/driver/r_ioport/r_ioport.o
                0x000009b4                R_IOPORT_PortDirectionSet
 .text.bsp_vbatt_init.isra.4
                0x000009f4       0x8c ./synergy/ssp/src/driver/r_ioport/r_ioport.o
 .text.R_IOPORT_EthernetModeCfg
                0x00000a80       0x58 ./synergy/ssp/src/driver/r_ioport/r_ioport.o
                0x00000a80                R_IOPORT_EthernetModeCfg
 .text.R_IOPORT_PinsCfg
                0x00000ad8       0xe0 ./synergy/ssp/src/driver/r_ioport/r_ioport.o
                0x00000ad8                R_IOPORT_PinsCfg
 .text.R_IOPORT_Init
                0x00000bb8       0x78 ./synergy/ssp/src/driver/r_ioport/r_ioport.o
                0x00000bb8                R_IOPORT_Init
 .text.R_IOPORT_PinCfg
                0x00000c30       0xd0 ./synergy/ssp/src/driver/r_ioport/r_ioport.o
                0x00000c30                R_IOPORT_PinCfg
 .text.R_IOPORT_PinWrite
                0x00000d00       0xcc ./synergy/ssp/src/driver/r_ioport/r_ioport.o
                0x00000d00                R_IOPORT_PinWrite
 .text.R_ICU_ExternalIrqTriggerSet
                0x00000dcc       0x34 ./synergy/ssp/src/driver/r_icu/r_icu.o
                0x00000dcc                R_ICU_ExternalIrqTriggerSet
 .text.R_ICU_ExternalIrqFilterEnable
                0x00000e00       0x28 ./synergy/ssp/src/driver/r_icu/r_icu.o
                0x00000e00                R_ICU_ExternalIrqFilterEnable
 .text.R_ICU_ExternalIrqFilterDisable
                0x00000e28       0x28 ./synergy/ssp/src/driver/r_icu/r_icu.o
                0x00000e28                R_ICU_ExternalIrqFilterDisable
 .text.R_ICU_ExternalIrqVersionGet
                0x00000e50       0x14 ./synergy/ssp/src/driver/r_icu/r_icu.o
                0x00000e50                R_ICU_ExternalIrqVersionGet
 .text.R_ICU_ExternalIrqEnable
                0x00000e64       0x48 ./synergy/ssp/src/driver/r_icu/r_icu.o
                0x00000e64                R_ICU_ExternalIrqEnable
 .text.R_ICU_ExternalIrqDisable
                0x00000eac       0x50 ./synergy/ssp/src/driver/r_icu/r_icu.o
                0x00000eac                R_ICU_ExternalIrqDisable
 .text.R_ICU_ExternalIrqClose
                0x00000efc       0x80 ./synergy/ssp/src/driver/r_icu/r_icu.o
                0x00000efc                R_ICU_ExternalIrqClose
 .text.icu_irq_isr
                0x00000f7c       0x40 ./synergy/ssp/src/driver/r_icu/r_icu.o
                0x00000f7c                icu_irq_isr
 .text.r_icu_externalIRQ_initialize_interrupt
                0x00000fbc       0xa0 ./synergy/ssp/src/driver/r_icu/r_icu.o
                0x00000fbc                r_icu_externalIRQ_initialize_interrupt
 .text.R_ICU_ExternalIrqOpen
                0x0000105c       0xd0 ./synergy/ssp/src/driver/r_icu/r_icu.o
                0x0000105c                R_ICU_ExternalIrqOpen
 .text.R_FMI_ProductInfoGet
                0x0000112c       0x28 ./synergy/ssp/src/driver/r_fmi/r_fmi.o
 .text.R_FMI_UniqueIdGet
                0x00001154       0x30 ./synergy/ssp/src/driver/r_fmi/r_fmi.o
 .text.R_FMI_EventInfoGet
                0x00001184       0x6c ./synergy/ssp/src/driver/r_fmi/r_fmi.o
 .text.R_FMI_VersionGet
                0x000011f0       0x14 ./synergy/ssp/src/driver/r_fmi/r_fmi.o
 .text.R_FMI_Init
                0x00001204       0xbc ./synergy/ssp/src/driver/r_fmi/r_fmi.o
 .text.R_FMI_FeatureGet
                0x000012c0      0x244 ./synergy/ssp/src/driver/r_fmi/r_fmi.o
 .text.R_ELC_LinkSet
                0x00001504       0x14 ./synergy/ssp/src/driver/r_elc/r_elc.o
                0x00001504                R_ELC_LinkSet
 .text.R_ELC_LinkBreak
                0x00001518       0x14 ./synergy/ssp/src/driver/r_elc/r_elc.o
                0x00001518                R_ELC_LinkBreak
 .text.R_ELC_Enable
                0x0000152c       0x14 ./synergy/ssp/src/driver/r_elc/r_elc.o
                0x0000152c                R_ELC_Enable
 .text.R_ELC_Disable
                0x00001540       0x14 ./synergy/ssp/src/driver/r_elc/r_elc.o
                0x00001540                R_ELC_Disable
 .text.R_ELC_VersionGet
                0x00001554       0x14 ./synergy/ssp/src/driver/r_elc/r_elc.o
                0x00001554                R_ELC_VersionGet
 .text.R_ELC_SoftwareEventGenerate
                0x00001568       0x30 ./synergy/ssp/src/driver/r_elc/r_elc.o
                0x00001568                R_ELC_SoftwareEventGenerate
 .text.R_ELC_Init
                0x00001598       0x80 ./synergy/ssp/src/driver/r_elc/r_elc.o
                0x00001598                R_ELC_Init
 .text.HW_CGC_Init
                0x00001618       0x34 ./synergy/ssp/src/driver/r_cgc/hw/hw_cgc.o
                0x00001618                HW_CGC_Init
 .text.HW_CGC_InitPLLFreq
                0x0000164c       0xf4 ./synergy/ssp/src/driver/r_cgc/hw/hw_cgc.o
                0x0000164c                HW_CGC_InitPLLFreq
 .text.HW_CGC_MainClockDriveSet
                0x00001740       0x3c ./synergy/ssp/src/driver/r_cgc/hw/hw_cgc.o
                0x00001740                HW_CGC_MainClockDriveSet
 .text.HW_CGC_SubClockDriveSet
                0x0000177c       0x3c ./synergy/ssp/src/driver/r_cgc/hw/hw_cgc.o
                0x0000177c                HW_CGC_SubClockDriveSet
 .text.HW_CGC_ClockStart
                0x000017b8       0xa0 ./synergy/ssp/src/driver/r_cgc/hw/hw_cgc.o
                0x000017b8                HW_CGC_ClockStart
 .text.HW_CGC_ClockStop
                0x00001858       0xa0 ./synergy/ssp/src/driver/r_cgc/hw/hw_cgc.o
                0x00001858                HW_CGC_ClockStop
 .text.HW_CGC_ClockCheck
                0x000018f8       0x2c ./synergy/ssp/src/driver/r_cgc/hw/hw_cgc.o
                0x000018f8                HW_CGC_ClockCheck
 .text.HW_CGC_ClockRunStateGet
                0x00001924       0x68 ./synergy/ssp/src/driver/r_cgc/hw/hw_cgc.o
                0x00001924                HW_CGC_ClockRunStateGet
 .text.HW_CGC_DelayCycles
                0x0000198c        0x8 ./synergy/ssp/src/driver/r_cgc/hw/hw_cgc.o
                0x0000198c                HW_CGC_DelayCycles
 .text.HW_CGC_MainOscSourceSet
                0x00001994       0x2c ./synergy/ssp/src/driver/r_cgc/hw/hw_cgc.o
                0x00001994                HW_CGC_MainOscSourceSet
 .text.HW_CGC_ClockWaitSet
                0x000019c0       0x28 ./synergy/ssp/src/driver/r_cgc/hw/hw_cgc.o
                0x000019c0                HW_CGC_ClockWaitSet
 .text.HW_CGC_ClockSourceValidCheck
                0x000019e8       0x28 ./synergy/ssp/src/driver/r_cgc/hw/hw_cgc.o
                0x000019e8                HW_CGC_ClockSourceValidCheck
 .text.HW_CGC_SystemClockValidCheck
                0x00001a10        0xc ./synergy/ssp/src/driver/r_cgc/hw/hw_cgc.o
                0x00001a10                HW_CGC_SystemClockValidCheck
 .text.HW_CGC_ClockSourceGet
                0x00001a1c        0xc ./synergy/ssp/src/driver/r_cgc/hw/hw_cgc.o
                0x00001a1c                HW_CGC_ClockSourceGet
 .text.HW_CGC_ClockSourceSet
                0x00001a28       0x28 ./synergy/ssp/src/driver/r_cgc/hw/hw_cgc.o
                0x00001a28                HW_CGC_ClockSourceSet
 .text.HW_CGC_PLLClockSourceGet
                0x00001a50       0x24 ./synergy/ssp/src/driver/r_cgc/hw/hw_cgc.o
                0x00001a50                HW_CGC_PLLClockSourceGet
 .text.HW_CGC_PLLClockSourceSet
                0x00001a74       0x28 ./synergy/ssp/src/driver/r_cgc/hw/hw_cgc.o
                0x00001a74                HW_CGC_PLLClockSourceSet
 .text.HW_CGC_PLLMultiplierSet
                0x00001a9c       0x90 ./synergy/ssp/src/driver/r_cgc/hw/hw_cgc.o
                0x00001a9c                HW_CGC_PLLMultiplierSet
 .text.HW_CGC_PLLDividerSet
                0x00001b2c       0x88 ./synergy/ssp/src/driver/r_cgc/hw/hw_cgc.o
                0x00001b2c                HW_CGC_PLLDividerSet
 .text.HW_CGC_SystemDividersSet
                0x00001bb4       0x70 ./synergy/ssp/src/driver/r_cgc/hw/hw_cgc.o
                0x00001bb4                HW_CGC_SystemDividersSet
 .text.HW_CGC_SystemDividersGet
                0x00001c24       0x3c ./synergy/ssp/src/driver/r_cgc/hw/hw_cgc.o
                0x00001c24                HW_CGC_SystemDividersGet
 .text.HW_CGC_ClockCfgValidCheck
                0x00001c60       0x58 ./synergy/ssp/src/driver/r_cgc/hw/hw_cgc.o
                0x00001c60                HW_CGC_ClockCfgValidCheck
 .text.HW_CGC_ClockDividerGet
                0x00001cb8       0x4c ./synergy/ssp/src/driver/r_cgc/hw/hw_cgc.o
                0x00001cb8                HW_CGC_ClockDividerGet
 .text.HW_CGC_ClockHzGet
                0x00001d04       0x20 ./synergy/ssp/src/driver/r_cgc/hw/hw_cgc.o
                0x00001d04                HW_CGC_ClockHzGet
 .text.HW_CGC_ClockHzCalculate
                0x00001d24       0x10 ./synergy/ssp/src/driver/r_cgc/hw/hw_cgc.o
                0x00001d24                HW_CGC_ClockHzCalculate
 .text.HW_CGC_OperatingModeSet
                0x00001d34       0xb0 ./synergy/ssp/src/driver/r_cgc/hw/hw_cgc.o
                0x00001d34                HW_CGC_OperatingModeSet
 .text.HW_CGC_OperatingModeGet
                0x00001de4       0x14 ./synergy/ssp/src/driver/r_cgc/hw/hw_cgc.o
                0x00001de4                HW_CGC_OperatingModeGet
 .text.HW_CGC_OscStopDetectEnable
                0x00001df8       0x2c ./synergy/ssp/src/driver/r_cgc/hw/hw_cgc.o
                0x00001df8                HW_CGC_OscStopDetectEnable
 .text.HW_CGC_OscStopDetectDisable
                0x00001e24       0x2c ./synergy/ssp/src/driver/r_cgc/hw/hw_cgc.o
                0x00001e24                HW_CGC_OscStopDetectDisable
 .text.HW_CGC_OscStopDetectEnabledGet
                0x00001e50        0x8 ./synergy/ssp/src/driver/r_cgc/hw/hw_cgc.o
                0x00001e50                HW_CGC_OscStopDetectEnabledGet
 .text.HW_CGC_OscStopDetectGet
                0x00001e58        0xc ./synergy/ssp/src/driver/r_cgc/hw/hw_cgc.o
                0x00001e58                HW_CGC_OscStopDetectGet
 .text.HW_CGC_OscStopStatusClear
                0x00001e64       0x30 ./synergy/ssp/src/driver/r_cgc/hw/hw_cgc.o
                0x00001e64                HW_CGC_OscStopStatusClear
 .text.HW_CGC_BusClockOutCfg
                0x00001e94       0x28 ./synergy/ssp/src/driver/r_cgc/hw/hw_cgc.o
                0x00001e94                HW_CGC_BusClockOutCfg
 .text.HW_CGC_BusClockOutEnable
                0x00001ebc       0x20 ./synergy/ssp/src/driver/r_cgc/hw/hw_cgc.o
                0x00001ebc                HW_CGC_BusClockOutEnable
 .text.HW_CGC_BusClockOutDisable
                0x00001edc       0x20 ./synergy/ssp/src/driver/r_cgc/hw/hw_cgc.o
                0x00001edc                HW_CGC_BusClockOutDisable
 .text.HW_CGC_ClockOutCfg
                0x00001efc       0x4c ./synergy/ssp/src/driver/r_cgc/hw/hw_cgc.o
                0x00001efc                HW_CGC_ClockOutCfg
 .text.HW_CGC_ClockOutEnable
                0x00001f48       0x20 ./synergy/ssp/src/driver/r_cgc/hw/hw_cgc.o
                0x00001f48                HW_CGC_ClockOutEnable
 .text.HW_CGC_ClockOutDisable
                0x00001f68       0x20 ./synergy/ssp/src/driver/r_cgc/hw/hw_cgc.o
                0x00001f68                HW_CGC_ClockOutDisable
 .text.HW_CGC_SDRAMClockOutEnable
                0x00001f88       0x20 ./synergy/ssp/src/driver/r_cgc/hw/hw_cgc.o
                0x00001f88                HW_CGC_SDRAMClockOutEnable
 .text.HW_CGC_SDRAMClockOutDisable
                0x00001fa8       0x20 ./synergy/ssp/src/driver/r_cgc/hw/hw_cgc.o
                0x00001fa8                HW_CGC_SDRAMClockOutDisable
 .text.HW_CGC_USBClockCfg
                0x00001fc8       0x2c ./synergy/ssp/src/driver/r_cgc/hw/hw_cgc.o
                0x00001fc8                HW_CGC_USBClockCfg
 .text.HW_CGC_SystickUpdate
                0x00001ff4       0x48 ./synergy/ssp/src/driver/r_cgc/hw/hw_cgc.o
                0x00001ff4                HW_CGC_SystickUpdate
 .text.HW_CGC_LCDClockCfg
                0x0000203c       0x14 ./synergy/ssp/src/driver/r_cgc/hw/hw_cgc.o
                0x0000203c                HW_CGC_LCDClockCfg
 .text.HW_CGC_LCDClockCfgGet
                0x00002050        0xc ./synergy/ssp/src/driver/r_cgc/hw/hw_cgc.o
                0x00002050                HW_CGC_LCDClockCfgGet
 .text.HW_CGC_LCDClockEnable
                0x0000205c       0x10 ./synergy/ssp/src/driver/r_cgc/hw/hw_cgc.o
                0x0000205c                HW_CGC_LCDClockEnable
 .text.HW_CGC_LCDClockDisable
                0x0000206c       0x10 ./synergy/ssp/src/driver/r_cgc/hw/hw_cgc.o
                0x0000206c                HW_CGC_LCDClockDisable
 .text.HW_CGC_LCDClockIsEnabled
                0x0000207c        0x8 ./synergy/ssp/src/driver/r_cgc/hw/hw_cgc.o
                0x0000207c                HW_CGC_LCDClockIsEnabled
 .text.HW_CGC_SDADCClockCfg
                0x00002084       0x1c ./synergy/ssp/src/driver/r_cgc/hw/hw_cgc.o
                0x00002084                HW_CGC_SDADCClockCfg
 .text.HW_CGC_SDADCClockEnable
                0x000020a0       0x10 ./synergy/ssp/src/driver/r_cgc/hw/hw_cgc.o
                0x000020a0                HW_CGC_SDADCClockEnable
 .text.HW_CGC_SDADCClockDisable
                0x000020b0       0x10 ./synergy/ssp/src/driver/r_cgc/hw/hw_cgc.o
                0x000020b0                HW_CGC_SDADCClockDisable
 .text.HW_CGC_SDADCClockIsEnabled
                0x000020c0        0x8 ./synergy/ssp/src/driver/r_cgc/hw/hw_cgc.o
                0x000020c0                HW_CGC_SDADCClockIsEnabled
 .text.HW_CGC_HocoWaitControlSet
                0x000020c8       0x28 ./synergy/ssp/src/driver/r_cgc/hw/hw_cgc.o
                0x000020c8                HW_CGC_HocoWaitControlSet
 .text.R_CGC_VersionGet
                0x000020f0       0x14 ./synergy/ssp/src/driver/r_cgc/r_cgc.o
                0x000020f0                R_CGC_VersionGet
 .text.R_CGC_Init
                0x00002104       0xb4 ./synergy/ssp/src/driver/r_cgc/r_cgc.o
                0x00002104                R_CGC_Init
 .text.R_CGC_SystemClockGet
                0x000021b8       0x28 ./synergy/ssp/src/driver/r_cgc/r_cgc.o
                0x000021b8                R_CGC_SystemClockGet
 .text.R_CGC_OscStopDetect
                0x000021e0       0xe4 ./synergy/ssp/src/driver/r_cgc/r_cgc.o
                0x000021e0                R_CGC_OscStopDetect
 .text.R_CGC_OscStopStatusClear
                0x000022c4       0x50 ./synergy/ssp/src/driver/r_cgc/r_cgc.o
                0x000022c4                R_CGC_OscStopStatusClear
 .text.R_CGC_BusClockOutCfg
                0x00002314       0x14 ./synergy/ssp/src/driver/r_cgc/r_cgc.o
                0x00002314                R_CGC_BusClockOutCfg
 .text.R_CGC_BusClockOutEnable
                0x00002328       0x14 ./synergy/ssp/src/driver/r_cgc/r_cgc.o
                0x00002328                R_CGC_BusClockOutEnable
 .text.R_CGC_BusClockOutDisable
                0x0000233c       0x14 ./synergy/ssp/src/driver/r_cgc/r_cgc.o
                0x0000233c                R_CGC_BusClockOutDisable
 .text.R_CGC_ClockOutCfg
                0x00002350       0x18 ./synergy/ssp/src/driver/r_cgc/r_cgc.o
                0x00002350                R_CGC_ClockOutCfg
 .text.R_CGC_ClockOutEnable
                0x00002368       0x14 ./synergy/ssp/src/driver/r_cgc/r_cgc.o
                0x00002368                R_CGC_ClockOutEnable
 .text.R_CGC_ClockOutDisable
                0x0000237c       0x14 ./synergy/ssp/src/driver/r_cgc/r_cgc.o
                0x0000237c                R_CGC_ClockOutDisable
 .text.R_CGC_ClockCheck
                0x00002390       0x70 ./synergy/ssp/src/driver/r_cgc/r_cgc.o
                0x00002390                R_CGC_ClockCheck
 .text.r_cgc_stabilization_wait
                0x00002400       0x30 ./synergy/ssp/src/driver/r_cgc/r_cgc.o
 .text.R_CGC_ClockStart
                0x00002430      0x1a4 ./synergy/ssp/src/driver/r_cgc/r_cgc.o
                0x00002430                R_CGC_ClockStart
 .text.R_CGC_ClockStop
                0x000025d4       0xc8 ./synergy/ssp/src/driver/r_cgc/r_cgc.o
                0x000025d4                R_CGC_ClockStop
 .text.r_cgc_clock_start_stop
                0x0000269c       0x30 ./synergy/ssp/src/driver/r_cgc/r_cgc.o
 .text.R_CGC_SystemClockSet
                0x000026cc      0x1c4 ./synergy/ssp/src/driver/r_cgc/r_cgc.o
                0x000026cc                R_CGC_SystemClockSet
 .text.R_CGC_ClocksCfg
                0x00002890      0x16c ./synergy/ssp/src/driver/r_cgc/r_cgc.o
                0x00002890                R_CGC_ClocksCfg
 .text.R_CGC_SystemClockFreqGet
                0x000029fc       0x34 ./synergy/ssp/src/driver/r_cgc/r_cgc.o
                0x000029fc                R_CGC_SystemClockFreqGet
 .text.R_CGC_LCDClockEnable
                0x00002a30       0x50 ./synergy/ssp/src/driver/r_cgc/r_cgc.o
                0x00002a30                R_CGC_LCDClockEnable
 .text.R_CGC_LCDClockDisable
                0x00002a80       0x50 ./synergy/ssp/src/driver/r_cgc/r_cgc.o
                0x00002a80                R_CGC_LCDClockDisable
 .text.R_CGC_LCDClockCfg
                0x00002ad0       0x80 ./synergy/ssp/src/driver/r_cgc/r_cgc.o
                0x00002ad0                R_CGC_LCDClockCfg
 .text.R_CGC_SDADCClockEnable.part.9
                0x00002b50       0x1c ./synergy/ssp/src/driver/r_cgc/r_cgc.o
 .text.R_CGC_SDADCClockEnable
                0x00002b6c       0x1c ./synergy/ssp/src/driver/r_cgc/r_cgc.o
                0x00002b6c                R_CGC_SDADCClockEnable
 .text.R_CGC_SDADCClockDisable.part.10
                0x00002b88       0x1c ./synergy/ssp/src/driver/r_cgc/r_cgc.o
 .text.R_CGC_SDADCClockDisable
                0x00002ba4       0x1c ./synergy/ssp/src/driver/r_cgc/r_cgc.o
                0x00002ba4                R_CGC_SDADCClockDisable
 .text.R_CGC_SDADCClockCfg
                0x00002bc0       0x60 ./synergy/ssp/src/driver/r_cgc/r_cgc.o
                0x00002bc0                R_CGC_SDADCClockCfg
 .text.R_CGC_SDRAMClockOutEnable
                0x00002c20       0x1c ./synergy/ssp/src/driver/r_cgc/r_cgc.o
                0x00002c20                R_CGC_SDRAMClockOutEnable
 .text.R_CGC_SDRAMClockOutDisable
                0x00002c3c       0x1c ./synergy/ssp/src/driver/r_cgc/r_cgc.o
                0x00002c3c                R_CGC_SDRAMClockOutDisable
 .text.R_CGC_USBClockCfg
                0x00002c58       0x20 ./synergy/ssp/src/driver/r_cgc/r_cgc.o
                0x00002c58                R_CGC_USBClockCfg
 .text.R_CGC_SystickUpdate
                0x00002c78       0x50 ./synergy/ssp/src/driver/r_cgc/r_cgc.o
                0x00002c78                R_CGC_SystickUpdate
 .text.R_BSP_CacheOff
                0x00002cc8       0x28 ./synergy/ssp/src/bsp/mcu/s7g2/bsp_cache.o
                0x00002cc8                R_BSP_CacheOff
 .text.R_BSP_CacheSet
                0x00002cf0       0x48 ./synergy/ssp/src/bsp/mcu/s7g2/bsp_cache.o
                0x00002cf0                R_BSP_CacheSet
 .text.bsp_clock_init
                0x00002d38       0x90 ./synergy/ssp/src/bsp/mcu/s7g2/bsp_clocks.o
                0x00002d38                bsp_clock_init
 .text.bsp_cpu_clock_get
                0x00002dc8       0x20 ./synergy/ssp/src/bsp/mcu/s7g2/bsp_clocks.o
                0x00002dc8                bsp_cpu_clock_get
 .text.bsp_clock_set_callback
                0x00002de8      0x124 ./synergy/ssp/src/bsp/mcu/s7g2/bsp_clocks.o
                0x00002de8                bsp_clock_set_callback
 .text.R_BSP_FeatureIoportGet
                0x00002f0c        0xc ./synergy/ssp/src/bsp/mcu/s7g2/bsp_feature.o
                0x00002f0c                R_BSP_FeatureIoportGet
 .text.R_BSP_FeatureCgcGet
                0x00002f18        0xc ./synergy/ssp/src/bsp/mcu/s7g2/bsp_feature.o
                0x00002f18                R_BSP_FeatureCgcGet
 .text.bsp_group_interrupt_open
                0x00002f24       0x18 ./synergy/ssp/src/bsp/mcu/s7g2/bsp_group_irq.o
                0x00002f24                bsp_group_interrupt_open
 .text.R_BSP_GroupIrqWrite
                0x00002f3c       0x10 ./synergy/ssp/src/bsp/mcu/s7g2/bsp_group_irq.o
                0x00002f3c                R_BSP_GroupIrqWrite
 .text.NMI_Handler
                0x00002f4c      0x1f4 ./synergy/ssp/src/bsp/mcu/s7g2/bsp_group_irq.o
                0x00002f4c                NMI_Handler
 .text.r_bsp_module_start_stop
                0x00003140       0xb4 ./synergy/ssp/src/bsp/mcu/s7g2/bsp_module_stop.o
 .text.R_BSP_ModuleStart
                0x000031f4        0x8 ./synergy/ssp/src/bsp/mcu/s7g2/bsp_module_stop.o
                0x000031f4                R_BSP_ModuleStart
 .text.software_delay_loop
                0x000031fc        0xc ./synergy/ssp/src/bsp/mcu/all/bsp_delay.o
 .text.R_BSP_SoftwareDelay
                0x00003208       0x58 ./synergy/ssp/src/bsp/mcu/all/bsp_delay.o
                0x00003208                R_BSP_SoftwareDelay
 .text.R_BSP_IrqStatusClear
                0x00003260       0x18 ./synergy/ssp/src/bsp/mcu/all/bsp_irq.o
                0x00003260                R_BSP_IrqStatusClear
 .text.bsp_irq_cfg
                0x00003278       0x40 ./synergy/ssp/src/bsp/mcu/all/bsp_irq.o
                0x00003278                bsp_irq_cfg
 .text.R_BSP_HardwareLock
                0x000032b8       0x68 ./synergy/ssp/src/bsp/mcu/all/bsp_locking.o
                0x000032b8                R_BSP_HardwareLock
 .text.R_BSP_HardwareUnlock
                0x00003320       0x4c ./synergy/ssp/src/bsp/mcu/all/bsp_locking.o
                0x00003320                R_BSP_HardwareUnlock
 .text.bsp_init_hardware_locks
                0x0000336c       0x44 ./synergy/ssp/src/bsp/mcu/all/bsp_locking.o
                0x0000336c                bsp_init_hardware_locks
 .text.R_BSP_RegisterProtectEnable
                0x000033b0       0x60 ./synergy/ssp/src/bsp/mcu/all/bsp_register_protection.o
                0x000033b0                R_BSP_RegisterProtectEnable
 .text.R_BSP_RegisterProtectDisable
                0x00003410       0x50 ./synergy/ssp/src/bsp/mcu/all/bsp_register_protection.o
                0x00003410                R_BSP_RegisterProtectDisable
 .text.bsp_register_protect_open
                0x00003460       0x10 ./synergy/ssp/src/bsp/mcu/all/bsp_register_protection.o
                0x00003460                bsp_register_protect_open
 .text.Default_Handler
                0x00003470        0x4 ./synergy/ssp/src/bsp/cmsis/Device/RENESAS/S7G2/Source/startup_S7G2.o
                0x00003470                DebugMon_Handler
                0x00003470                HardFault_Handler
                0x00003470                SysTick_Handler
                0x00003470                PendSV_Handler
                0x00003470                UsageFault_Handler
                0x00003470                Default_Handler
                0x00003470                MemManage_Handler
                0x00003470                SVC_Handler
                0x00003470                BusFault_Handler
 .text.Reset_Handler
                0x00003474        0xc ./synergy/ssp/src/bsp/cmsis/Device/RENESAS/S7G2/Source/startup_S7G2.o
                0x00003474                Reset_Handler
 .text.R_BSP_WarmStart
                0x00003480        0x4 ./synergy/ssp/src/bsp/cmsis/Device/RENESAS/S7G2/Source/system_S7G2.o
                0x00003480                R_BSP_WarmStart
 .text.SystemInit
                0x00003484       0xe0 ./synergy/ssp/src/bsp/cmsis/Device/RENESAS/S7G2/Source/system_S7G2.o
                0x00003484                SystemInit
 .text.bsp_init
                0x00003564        0x4 ./synergy/board/s7g2_sk/bsp_init.o
                0x00003564                bsp_init
 .text.bsp_qspi_xip_mode
                0x00003568       0x88 ./synergy/board/s7g2_sk/bsp_qspi.o
 .text.bsp_qspi_init
                0x000035f0      0x148 ./synergy/board/s7g2_sk/bsp_qspi.o
                0x000035f0                bsp_qspi_init
 .text.startup.main
                0x00003738        0xc ./src/synergy_gen/main.o
                0x00003738                main
 .text.blinkLED
                0x00003744       0xbc ./src/hal_entry.o
                0x00003744                blinkLED
 .text.changeToRED
                0x00003800       0x5c ./src/hal_entry.o
                0x00003800                changeToRED
 .text.FunctionLogic
                0x0000385c       0x5c ./src/hal_entry.o
                0x0000385c                FunctionLogic
 .text.hal_entry
                0x000038b8       0x28 ./src/hal_entry.o
                0x000038b8                hal_entry
 .text.button_callback_SW4
                0x000038e0        0xc ./src/hal_entry.o
                0x000038e0                button_callback_SW4
 .text.button_callback_SW5
                0x000038ec        0xc ./src/hal_entry.o
                0x000038ec                button_callback_SW5
 *(.version)
 .version       0x000038f8       0x60 ./synergy/ssp/src/bsp/mcu/all/bsp_common.o
 *(.init)
 .init          0x00003958        0x4 c:/program files (x86)/gnu tools arm embedded/4.9 2015q3/bin/../lib/gcc/arm-none-eabi/4.9.3/armv7e-m/fpu/crti.o
                0x00003958                _init
 .init          0x0000395c        0x8 c:/program files (x86)/gnu tools arm embedded/4.9 2015q3/bin/../lib/gcc/arm-none-eabi/4.9.3/armv7e-m/fpu/crtn.o
 *(.fini)
 .fini          0x00003964        0x4 c:/program files (x86)/gnu tools arm embedded/4.9 2015q3/bin/../lib/gcc/arm-none-eabi/4.9.3/armv7e-m/fpu/crti.o
                0x00003964                _fini
 .fini          0x00003968        0x8 c:/program files (x86)/gnu tools arm embedded/4.9 2015q3/bin/../lib/gcc/arm-none-eabi/4.9.3/armv7e-m/fpu/crtn.o
 *crtbegin.o(.ctors)
 *crtbegin?.o(.ctors)
 *(EXCLUDE_FILE(*crtend.o *crtend?.o) .ctors)
 *(SORT(.ctors.*))
 *(.ctors)
 *crtbegin.o(.dtors)
 *crtbegin?.o(.dtors)
 *(EXCLUDE_FILE(*crtend.o *crtend?.o) .dtors)
 *(SORT(.dtors.*))
 *(.dtors)
 *(.rodata*)
 .rodata.g_ioport_on_ioport
                0x00003970       0x3c ./synergy/ssp/src/driver/r_ioport/r_ioport.o
                0x00003970                g_ioport_on_ioport
 .rodata.g_vbatt_pins_input
                0x000039ac        0x6 ./synergy/ssp/src/driver/r_ioport/r_ioport.o
 *fill*         0x000039b2        0x2 ff
 .rodata.g_external_irq_on_icu
                0x000039b4       0x20 ./synergy/ssp/src/driver/r_icu/r_icu.o
                0x000039b4                g_external_irq_on_icu
 .rodata.g_icu_version
                0x000039d4        0x4 ./synergy/ssp/src/driver/r_icu/r_icu.o
 .rodata.bit_count_mask
                0x000039d8        0x8 ./synergy/ssp/src/driver/r_fmi/r_fmi.o
 .rodata.bit_count
                0x000039e0       0x80 ./synergy/ssp/src/driver/r_fmi/r_fmi.o
 .rodata.g_fmi_on_fmi
                0x00003a60       0x18 ./synergy/ssp/src/driver/r_fmi/r_fmi.o
                0x00003a60                g_fmi_on_fmi
 .rodata.g_fmi_version
                0x00003a78        0x4 ./synergy/ssp/src/driver/r_fmi/r_fmi.o
 .rodata.g_elc_on_elc
                0x00003a7c       0x1c ./synergy/ssp/src/driver/r_elc/r_elc.o
                0x00003a7c                g_elc_on_elc
 .rodata.s_elc_version
                0x00003a98        0x4 ./synergy/ssp/src/driver/r_elc/r_elc.o
 .rodata.g_pllccr2_div_value
                0x00003a9c        0x6 ./synergy/ssp/src/driver/r_cgc/hw/hw_cgc.o
 *fill*         0x00003aa2        0x2 ff
 .rodata.g_pllccr_div_value
                0x00003aa4        0x6 ./synergy/ssp/src/driver/r_cgc/hw/hw_cgc.o
 *fill*         0x00003aaa        0x2 ff
 .rodata.g_pllccr_div_setting
                0x00003aac        0x6 ./synergy/ssp/src/driver/r_cgc/hw/hw_cgc.o
 *fill*         0x00003ab2        0x2 ff
 .rodata.g_pllccr2_div_setting
                0x00003ab4        0x8 ./synergy/ssp/src/driver/r_cgc/hw/hw_cgc.o
 .rodata.g_cgc_on_cgc
                0x00003abc       0x6c ./synergy/ssp/src/driver/r_cgc/r_cgc.o
                0x00003abc                g_cgc_on_cgc
 .rodata.g_lcd_clock_settings
                0x00003b28        0x6 ./synergy/ssp/src/driver/r_cgc/r_cgc.o
 *fill*         0x00003b2e        0x2 ff
 .rodata.g_cgc_version
                0x00003b30        0x4 ./synergy/ssp/src/driver/r_cgc/r_cgc.o
 .rodata.g_cgc_feature
                0x00003b34       0x2c ./synergy/ssp/src/bsp/mcu/s7g2/bsp_feature.o
 .rodata.g_fmi_data
                0x00003b60      0x400 ./synergy/ssp/src/bsp/mcu/s7g2/bsp_fmi_R7FS7G27H3A01CFC.o
                0x00003b60                g_fmi_data
 .rodata.gp_mstp
                0x00003f60       0x10 ./synergy/ssp/src/bsp/mcu/s7g2/bsp_module_stop.o
 .rodata.g_bsp_module_stop
                0x00003f70       0x46 ./synergy/ssp/src/bsp/mcu/s7g2/bsp_module_stop.o
 *fill*         0x00003fb6        0x2 ff
 .rodata.gp_vector_information
                0x00003fb8        0x4 ./synergy/ssp/src/bsp/mcu/all/bsp_irq.o
                0x00003fb8                gp_vector_information
 .rodata.g_prcr_masks
                0x00003fbc        0x6 ./synergy/ssp/src/bsp/mcu/all/bsp_register_protection.o
 *fill*         0x00003fc2        0x2 ff
 .rodata.g_elc_cfg
                0x00003fc4        0xc ./synergy/ssp/src/bsp/cmsis/Device/RENESAS/S7G2/Source/system_S7G2.o
 .rodata.g_ioport
                0x00003fd0        0x8 ./src/synergy_gen/common_data.o
                0x00003fd0                g_ioport
 .rodata.g_external_irq10
                0x00003fd8        0xc ./src/synergy_gen/hal_data.o
                0x00003fd8                g_external_irq10
 .rodata.g_external_irq11
                0x00003fe4        0xc ./src/synergy_gen/hal_data.o
                0x00003fe4                g_external_irq11
 .rodata.g_external_irq10_cfg
                0x00003ff0       0x14 ./src/synergy_gen/hal_data.o
 .rodata.g_external_irq11_cfg
                0x00004004       0x14 ./src/synergy_gen/hal_data.o
 .rodata.g_bsp_pin_cfg
                0x00004018        0x8 ./src/synergy_gen/pin_data.o
                0x00004018                g_bsp_pin_cfg
 .rodata.g_bsp_pin_cfg_data
                0x00004020      0x380 ./src/synergy_gen/pin_data.o
                0x00004020                g_bsp_pin_cfg_data
                0x000043a0                __usb_dev_descriptor_start_fs = .
 *(.usb_device_desc_fs*)
                0x000043a0                __usb_cfg_descriptor_start_fs = .
 *(.usb_config_desc_fs*)
                0x000043a0                __usb_interface_descriptor_start_fs = .
 *(.usb_interface_desc_fs*)
                0x000043a0                __usb_descriptor_end_fs = .
                0x000043a0                __usb_dev_descriptor_start_hs = .
 *(.usb_device_desc_hs*)
                0x000043a0                __usb_cfg_descriptor_start_hs = .
 *(.usb_config_desc_hs*)
                0x000043a0                __usb_interface_descriptor_start_hs = .
 *(.usb_interface_desc_hs*)
                0x000043a0                __usb_descriptor_end_hs = .
 *(.eh_frame*)
 .eh_frame      0x000043a0        0x0 c:/program files (x86)/gnu tools arm embedded/4.9 2015q3/bin/../lib/gcc/arm-none-eabi/4.9.3/armv7e-m/fpu/crtbegin.o
 .eh_frame      0x000043a0        0x4 c:/program files (x86)/gnu tools arm embedded/4.9 2015q3/bin/../lib/gcc/arm-none-eabi/4.9.3/armv7e-m/fpu/crtend.o
                0x000043a4                __ROM_End = .
                0x00000048                __Vectors_Size = (__Vectors_End - __Vectors)
                0x00000010                __Vector_Info_Size = (__Vector_Info_End - __Vector_Info_Start)
                0x000001b0                __Lock_Lookup_Size = (__Lock_Lookup_End - __Lock_Lookup_Start)

.glue_7         0x000043a4        0x0
 .glue_7        0x00000000        0x0 linker stubs

.glue_7t        0x000043a4        0x0
 .glue_7t       0x00000000        0x0 linker stubs

.vfp11_veneer   0x000043a4        0x0
 .vfp11_veneer  0x00000000        0x0 linker stubs

.v4_bx          0x000043a4        0x0
 .v4_bx         0x00000000        0x0 linker stubs

.iplt           0x000043a4        0x0
 .iplt          0x00000000        0x0 c:/program files (x86)/gnu tools arm embedded/4.9 2015q3/bin/../lib/gcc/arm-none-eabi/4.9.3/armv7e-m/fpu/crtbegin.o

.ARM.extab
 *(.ARM.extab* .gnu.linkonce.armextab.*)
                0x000043a4                __exidx_start = .

.ARM.exidx
 *(.ARM.exidx* .gnu.linkonce.armexidx.*)
                0x000043a4                __exidx_end = .
                0x000043a4                __etext = .

.ssp_dtc_vector_table
                0x1ffe0000        0x0
                0x1ffe0000                . = ORIGIN (RAM)
 *(.ssp_dtc_vector_table)

.data           0x1ffe0000       0x78 load address 0x000043a4
                0x1ffe0000                __data_start__ = .
 *(vtable)
 *(.data.*)
                0x1ffe0000                . = ALIGN (0x4)
                0x1ffe0000                PROVIDE (__preinit_array_start, .)
 *(.preinit_array)
                0x1ffe0000                PROVIDE (__preinit_array_end, .)
                0x1ffe0000                . = ALIGN (0x4)
                0x1ffe0000                PROVIDE (__init_array_start, .)
 *(SORT(.init_array.*))
 *(.init_array)
 .init_array    0x1ffe0000        0x4 c:/program files (x86)/gnu tools arm embedded/4.9 2015q3/bin/../lib/gcc/arm-none-eabi/4.9.3/armv7e-m/fpu/crtbegin.o
                0x1ffe0004                PROVIDE (__init_array_end, .)
                0x1ffe0004                . = ALIGN (0x4)
                0x1ffe0004                PROVIDE (__fini_array_start, .)
 *(SORT(.fini_array.*))
 *(.fini_array)
 .fini_array    0x1ffe0004        0x4 c:/program files (x86)/gnu tools arm embedded/4.9 2015q3/bin/../lib/gcc/arm-none-eabi/4.9.3/armv7e-m/fpu/crtbegin.o
                0x1ffe0008                PROVIDE (__fini_array_end, .)
 *(.jcr*)
 .jcr           0x1ffe0008        0x0 c:/program files (x86)/gnu tools arm embedded/4.9 2015q3/bin/../lib/gcc/arm-none-eabi/4.9.3/armv7e-m/fpu/crtbegin.o
 .jcr           0x1ffe0008        0x4 c:/program files (x86)/gnu tools arm embedded/4.9 2015q3/bin/../lib/gcc/arm-none-eabi/4.9.3/armv7e-m/fpu/crtend.o
                0x1ffe000c                . = ALIGN (0x4)
                0x1ffe000c                __Code_In_RAM_Start = .
 *(.code_in_ram*)
                0x1ffe000c                __Code_In_RAM_End = .
                0x1ffe000c                __Lock_Start = .
 *(SORT(.hw_lock*))
 .hw_lock.ADC_0U_0U
                0x1ffe000c        0x1 ./synergy/ssp/src/bsp/mcu/s7g2/bsp_hw_locks.o
                0x1ffe000c                g_hw_lock_ADC_0U_0U
 .hw_lock.ADC_0U_1U
                0x1ffe000d        0x1 ./synergy/ssp/src/bsp/mcu/s7g2/bsp_hw_locks.o
                0x1ffe000d                g_hw_lock_ADC_0U_1U
 .hw_lock.AGT_0U_0U
                0x1ffe000e        0x1 ./synergy/ssp/src/bsp/mcu/s7g2/bsp_hw_locks.o
                0x1ffe000e                g_hw_lock_AGT_0U_0U
 .hw_lock.AGT_0U_1U
                0x1ffe000f        0x1 ./synergy/ssp/src/bsp/mcu/s7g2/bsp_hw_locks.o
                0x1ffe000f                g_hw_lock_AGT_0U_1U
 .hw_lock.BSC_0U_1U
                0x1ffe0010        0x1 ./synergy/ssp/src/bsp/mcu/s7g2/bsp_hw_locks.o
                0x1ffe0010                g_hw_lock_BSC_0U_1U
 .hw_lock.CAC_0U_0U
                0x1ffe0011        0x1 ./synergy/ssp/src/bsp/mcu/s7g2/bsp_hw_locks.o
                0x1ffe0011                g_hw_lock_CAC_0U_0U
 .hw_lock.CAN_0U_0U
                0x1ffe0012        0x1 ./synergy/ssp/src/bsp/mcu/s7g2/bsp_hw_locks.o
                0x1ffe0012                g_hw_lock_CAN_0U_0U
 .hw_lock.CAN_0U_1U
                0x1ffe0013        0x1 ./synergy/ssp/src/bsp/mcu/s7g2/bsp_hw_locks.o
                0x1ffe0013                g_hw_lock_CAN_0U_1U
 .hw_lock.COMP_HS_0U_0U
                0x1ffe0014        0x1 ./synergy/ssp/src/bsp/mcu/s7g2/bsp_hw_locks.o
                0x1ffe0014                g_hw_lock_COMP_HS_0U_0U
 .hw_lock.COMP_HS_0U_1U
                0x1ffe0015        0x1 ./synergy/ssp/src/bsp/mcu/s7g2/bsp_hw_locks.o
                0x1ffe0015                g_hw_lock_COMP_HS_0U_1U
 .hw_lock.COMP_HS_0U_2U
                0x1ffe0016        0x1 ./synergy/ssp/src/bsp/mcu/s7g2/bsp_hw_locks.o
                0x1ffe0016                g_hw_lock_COMP_HS_0U_2U
 .hw_lock.COMP_HS_0U_3U
                0x1ffe0017        0x1 ./synergy/ssp/src/bsp/mcu/s7g2/bsp_hw_locks.o
                0x1ffe0017                g_hw_lock_COMP_HS_0U_3U
 .hw_lock.COMP_HS_0U_4U
                0x1ffe0018        0x1 ./synergy/ssp/src/bsp/mcu/s7g2/bsp_hw_locks.o
                0x1ffe0018                g_hw_lock_COMP_HS_0U_4U
 .hw_lock.COMP_HS_0U_5U
                0x1ffe0019        0x1 ./synergy/ssp/src/bsp/mcu/s7g2/bsp_hw_locks.o
                0x1ffe0019                g_hw_lock_COMP_HS_0U_5U
 .hw_lock.CRC_0U_0U
                0x1ffe001a        0x1 ./synergy/ssp/src/bsp/mcu/s7g2/bsp_hw_locks.o
                0x1ffe001a                g_hw_lock_CRC_0U_0U
 .hw_lock.CTSU_0U_0U
                0x1ffe001b        0x1 ./synergy/ssp/src/bsp/mcu/s7g2/bsp_hw_locks.o
                0x1ffe001b                g_hw_lock_CTSU_0U_0U
 .hw_lock.DAAD_0U_0U
                0x1ffe001c        0x1 ./synergy/ssp/src/bsp/mcu/s7g2/bsp_hw_locks.o
                0x1ffe001c                g_hw_lock_DAAD_0U_0U
 .hw_lock.DAC_0U_0U
                0x1ffe001d        0x1 ./synergy/ssp/src/bsp/mcu/s7g2/bsp_hw_locks.o
                0x1ffe001d                g_hw_lock_DAC_0U_0U
 .hw_lock.DAC_0U_1U
                0x1ffe001e        0x1 ./synergy/ssp/src/bsp/mcu/s7g2/bsp_hw_locks.o
                0x1ffe001e                g_hw_lock_DAC_0U_1U
 .hw_lock.DMAC_0U_0U
                0x1ffe001f        0x1 ./synergy/ssp/src/bsp/mcu/s7g2/bsp_hw_locks.o
                0x1ffe001f                g_hw_lock_DMAC_0U_0U
 .hw_lock.DMAC_0U_1U
                0x1ffe0020        0x1 ./synergy/ssp/src/bsp/mcu/s7g2/bsp_hw_locks.o
                0x1ffe0020                g_hw_lock_DMAC_0U_1U
 .hw_lock.DMAC_0U_2U
                0x1ffe0021        0x1 ./synergy/ssp/src/bsp/mcu/s7g2/bsp_hw_locks.o
                0x1ffe0021                g_hw_lock_DMAC_0U_2U
 .hw_lock.DMAC_0U_3U
                0x1ffe0022        0x1 ./synergy/ssp/src/bsp/mcu/s7g2/bsp_hw_locks.o
                0x1ffe0022                g_hw_lock_DMAC_0U_3U
 .hw_lock.DMAC_0U_4U
                0x1ffe0023        0x1 ./synergy/ssp/src/bsp/mcu/s7g2/bsp_hw_locks.o
                0x1ffe0023                g_hw_lock_DMAC_0U_4U
 .hw_lock.DMAC_0U_5U
                0x1ffe0024        0x1 ./synergy/ssp/src/bsp/mcu/s7g2/bsp_hw_locks.o
                0x1ffe0024                g_hw_lock_DMAC_0U_5U
 .hw_lock.DMAC_0U_6U
                0x1ffe0025        0x1 ./synergy/ssp/src/bsp/mcu/s7g2/bsp_hw_locks.o
                0x1ffe0025                g_hw_lock_DMAC_0U_6U
 .hw_lock.DMAC_0U_7U
                0x1ffe0026        0x1 ./synergy/ssp/src/bsp/mcu/s7g2/bsp_hw_locks.o
                0x1ffe0026                g_hw_lock_DMAC_0U_7U
 .hw_lock.DOC_0U_0U
                0x1ffe0027        0x1 ./synergy/ssp/src/bsp/mcu/s7g2/bsp_hw_locks.o
                0x1ffe0027                g_hw_lock_DOC_0U_0U
 .hw_lock.DRW_0U_0U
                0x1ffe0028        0x1 ./synergy/ssp/src/bsp/mcu/s7g2/bsp_hw_locks.o
                0x1ffe0028                g_hw_lock_DRW_0U_0U
 .hw_lock.DTC_0U_0U
                0x1ffe0029        0x1 ./synergy/ssp/src/bsp/mcu/s7g2/bsp_hw_locks.o
                0x1ffe0029                g_hw_lock_DTC_0U_0U
 .hw_lock.ELC_0U_0U
                0x1ffe002a        0x1 ./synergy/ssp/src/bsp/mcu/s7g2/bsp_hw_locks.o
                0x1ffe002a                g_hw_lock_ELC_0U_0U
 .hw_lock.EPTPC_0U_0U
                0x1ffe002b        0x1 ./synergy/ssp/src/bsp/mcu/s7g2/bsp_hw_locks.o
                0x1ffe002b                g_hw_lock_EPTPC_0U_0U
 .hw_lock.ETHER_0U_0U
                0x1ffe002c        0x1 ./synergy/ssp/src/bsp/mcu/s7g2/bsp_hw_locks.o
                0x1ffe002c                g_hw_lock_ETHER_0U_0U
 .hw_lock.ETHER_0U_1U
                0x1ffe002d        0x1 ./synergy/ssp/src/bsp/mcu/s7g2/bsp_hw_locks.o
                0x1ffe002d                g_hw_lock_ETHER_0U_1U
 .hw_lock.FCU_0U_0U
                0x1ffe002e        0x1 ./synergy/ssp/src/bsp/mcu/s7g2/bsp_hw_locks.o
                0x1ffe002e                g_hw_lock_FCU_0U_0U
 .hw_lock.GLCDC_0U_0U
                0x1ffe002f        0x1 ./synergy/ssp/src/bsp/mcu/s7g2/bsp_hw_locks.o
                0x1ffe002f                g_hw_lock_GLCDC_0U_0U
 .hw_lock.GPT_0U_0U
                0x1ffe0030        0x1 ./synergy/ssp/src/bsp/mcu/s7g2/bsp_hw_locks.o
                0x1ffe0030                g_hw_lock_GPT_0U_0U
 .hw_lock.GPT_0U_10U
                0x1ffe0031        0x1 ./synergy/ssp/src/bsp/mcu/s7g2/bsp_hw_locks.o
                0x1ffe0031                g_hw_lock_GPT_0U_10U
 .hw_lock.GPT_0U_11U
                0x1ffe0032        0x1 ./synergy/ssp/src/bsp/mcu/s7g2/bsp_hw_locks.o
                0x1ffe0032                g_hw_lock_GPT_0U_11U
 .hw_lock.GPT_0U_12U
                0x1ffe0033        0x1 ./synergy/ssp/src/bsp/mcu/s7g2/bsp_hw_locks.o
                0x1ffe0033                g_hw_lock_GPT_0U_12U
 .hw_lock.GPT_0U_13U
                0x1ffe0034        0x1 ./synergy/ssp/src/bsp/mcu/s7g2/bsp_hw_locks.o
                0x1ffe0034                g_hw_lock_GPT_0U_13U
 .hw_lock.GPT_0U_1U
                0x1ffe0035        0x1 ./synergy/ssp/src/bsp/mcu/s7g2/bsp_hw_locks.o
                0x1ffe0035                g_hw_lock_GPT_0U_1U
 .hw_lock.GPT_0U_2U
                0x1ffe0036        0x1 ./synergy/ssp/src/bsp/mcu/s7g2/bsp_hw_locks.o
                0x1ffe0036                g_hw_lock_GPT_0U_2U
 .hw_lock.GPT_0U_3U
                0x1ffe0037        0x1 ./synergy/ssp/src/bsp/mcu/s7g2/bsp_hw_locks.o
                0x1ffe0037                g_hw_lock_GPT_0U_3U
 .hw_lock.GPT_0U_4U
                0x1ffe0038        0x1 ./synergy/ssp/src/bsp/mcu/s7g2/bsp_hw_locks.o
                0x1ffe0038                g_hw_lock_GPT_0U_4U
 .hw_lock.GPT_0U_5U
                0x1ffe0039        0x1 ./synergy/ssp/src/bsp/mcu/s7g2/bsp_hw_locks.o
                0x1ffe0039                g_hw_lock_GPT_0U_5U
 .hw_lock.GPT_0U_6U
                0x1ffe003a        0x1 ./synergy/ssp/src/bsp/mcu/s7g2/bsp_hw_locks.o
                0x1ffe003a                g_hw_lock_GPT_0U_6U
 .hw_lock.GPT_0U_7U
                0x1ffe003b        0x1 ./synergy/ssp/src/bsp/mcu/s7g2/bsp_hw_locks.o
                0x1ffe003b                g_hw_lock_GPT_0U_7U
 .hw_lock.GPT_0U_8U
                0x1ffe003c        0x1 ./synergy/ssp/src/bsp/mcu/s7g2/bsp_hw_locks.o
                0x1ffe003c                g_hw_lock_GPT_0U_8U
 .hw_lock.GPT_0U_9U
                0x1ffe003d        0x1 ./synergy/ssp/src/bsp/mcu/s7g2/bsp_hw_locks.o
                0x1ffe003d                g_hw_lock_GPT_0U_9U
 .hw_lock.ICU_0U_0U
                0x1ffe003e        0x1 ./synergy/ssp/src/bsp/mcu/s7g2/bsp_hw_locks.o
                0x1ffe003e                g_hw_lock_ICU_0U_0U
 .hw_lock.ICU_0U_10U
                0x1ffe003f        0x1 ./synergy/ssp/src/bsp/mcu/s7g2/bsp_hw_locks.o
                0x1ffe003f                g_hw_lock_ICU_0U_10U
 .hw_lock.ICU_0U_11U
                0x1ffe0040        0x1 ./synergy/ssp/src/bsp/mcu/s7g2/bsp_hw_locks.o
                0x1ffe0040                g_hw_lock_ICU_0U_11U
 .hw_lock.ICU_0U_12U
                0x1ffe0041        0x1 ./synergy/ssp/src/bsp/mcu/s7g2/bsp_hw_locks.o
                0x1ffe0041                g_hw_lock_ICU_0U_12U
 .hw_lock.ICU_0U_13U
                0x1ffe0042        0x1 ./synergy/ssp/src/bsp/mcu/s7g2/bsp_hw_locks.o
                0x1ffe0042                g_hw_lock_ICU_0U_13U
 .hw_lock.ICU_0U_14U
                0x1ffe0043        0x1 ./synergy/ssp/src/bsp/mcu/s7g2/bsp_hw_locks.o
                0x1ffe0043                g_hw_lock_ICU_0U_14U
 .hw_lock.ICU_0U_15U
                0x1ffe0044        0x1 ./synergy/ssp/src/bsp/mcu/s7g2/bsp_hw_locks.o
                0x1ffe0044                g_hw_lock_ICU_0U_15U
 .hw_lock.ICU_0U_1U
                0x1ffe0045        0x1 ./synergy/ssp/src/bsp/mcu/s7g2/bsp_hw_locks.o
                0x1ffe0045                g_hw_lock_ICU_0U_1U
 .hw_lock.ICU_0U_2U
                0x1ffe0046        0x1 ./synergy/ssp/src/bsp/mcu/s7g2/bsp_hw_locks.o
                0x1ffe0046                g_hw_lock_ICU_0U_2U
 .hw_lock.ICU_0U_3U
                0x1ffe0047        0x1 ./synergy/ssp/src/bsp/mcu/s7g2/bsp_hw_locks.o
                0x1ffe0047                g_hw_lock_ICU_0U_3U
 .hw_lock.ICU_0U_4U
                0x1ffe0048        0x1 ./synergy/ssp/src/bsp/mcu/s7g2/bsp_hw_locks.o
                0x1ffe0048                g_hw_lock_ICU_0U_4U
 .hw_lock.ICU_0U_5U
                0x1ffe0049        0x1 ./synergy/ssp/src/bsp/mcu/s7g2/bsp_hw_locks.o
                0x1ffe0049                g_hw_lock_ICU_0U_5U
 .hw_lock.ICU_0U_6U
                0x1ffe004a        0x1 ./synergy/ssp/src/bsp/mcu/s7g2/bsp_hw_locks.o
                0x1ffe004a                g_hw_lock_ICU_0U_6U
 .hw_lock.ICU_0U_7U
                0x1ffe004b        0x1 ./synergy/ssp/src/bsp/mcu/s7g2/bsp_hw_locks.o
                0x1ffe004b                g_hw_lock_ICU_0U_7U
 .hw_lock.ICU_0U_8U
                0x1ffe004c        0x1 ./synergy/ssp/src/bsp/mcu/s7g2/bsp_hw_locks.o
                0x1ffe004c                g_hw_lock_ICU_0U_8U
 .hw_lock.ICU_0U_9U
                0x1ffe004d        0x1 ./synergy/ssp/src/bsp/mcu/s7g2/bsp_hw_locks.o
                0x1ffe004d                g_hw_lock_ICU_0U_9U
 .hw_lock.IIC_0U_0U
                0x1ffe004e        0x1 ./synergy/ssp/src/bsp/mcu/s7g2/bsp_hw_locks.o
                0x1ffe004e                g_hw_lock_IIC_0U_0U
 .hw_lock.IIC_0U_1U
                0x1ffe004f        0x1 ./synergy/ssp/src/bsp/mcu/s7g2/bsp_hw_locks.o
                0x1ffe004f                g_hw_lock_IIC_0U_1U
 .hw_lock.IIC_0U_2U
                0x1ffe0050        0x1 ./synergy/ssp/src/bsp/mcu/s7g2/bsp_hw_locks.o
                0x1ffe0050                g_hw_lock_IIC_0U_2U
 .hw_lock.IRDA_0U_0U
                0x1ffe0051        0x1 ./synergy/ssp/src/bsp/mcu/s7g2/bsp_hw_locks.o
                0x1ffe0051                g_hw_lock_IRDA_0U_0U
 .hw_lock.IWDT_0U_0U
                0x1ffe0052        0x1 ./synergy/ssp/src/bsp/mcu/s7g2/bsp_hw_locks.o
                0x1ffe0052                g_hw_lock_IWDT_0U_0U
 .hw_lock.JPEG_0U_0U
                0x1ffe0053        0x1 ./synergy/ssp/src/bsp/mcu/s7g2/bsp_hw_locks.o
                0x1ffe0053                g_hw_lock_JPEG_0U_0U
 .hw_lock.KEY_0U_0U
                0x1ffe0054        0x1 ./synergy/ssp/src/bsp/mcu/s7g2/bsp_hw_locks.o
                0x1ffe0054                g_hw_lock_KEY_0U_0U
 .hw_lock.LPM_1U_0U
                0x1ffe0055        0x1 ./synergy/ssp/src/bsp/mcu/s7g2/bsp_hw_locks.o
                0x1ffe0055                g_hw_lock_LPM_1U_0U
 .hw_lock.LVD_0U_0U
                0x1ffe0056        0x1 ./synergy/ssp/src/bsp/mcu/s7g2/bsp_hw_locks.o
                0x1ffe0056                g_hw_lock_LVD_0U_0U
 .hw_lock.LVD_0U_1U
                0x1ffe0057        0x1 ./synergy/ssp/src/bsp/mcu/s7g2/bsp_hw_locks.o
                0x1ffe0057                g_hw_lock_LVD_0U_1U
 .hw_lock.MMF_0U_0U
                0x1ffe0058        0x1 ./synergy/ssp/src/bsp/mcu/s7g2/bsp_hw_locks.o
                0x1ffe0058                g_hw_lock_MMF_0U_0U
 .hw_lock.MPU_0U_0U
                0x1ffe0059        0x1 ./synergy/ssp/src/bsp/mcu/s7g2/bsp_hw_locks.o
                0x1ffe0059                g_hw_lock_MPU_0U_0U
 .hw_lock.OPS_0U_0U
                0x1ffe005a        0x1 ./synergy/ssp/src/bsp/mcu/s7g2/bsp_hw_locks.o
                0x1ffe005a                g_hw_lock_OPS_0U_0U
 .hw_lock.PDC_0U_0U
                0x1ffe005b        0x1 ./synergy/ssp/src/bsp/mcu/s7g2/bsp_hw_locks.o
                0x1ffe005b                g_hw_lock_PDC_0U_0U
 .hw_lock.POEG_0U_0U
                0x1ffe005c        0x1 ./synergy/ssp/src/bsp/mcu/s7g2/bsp_hw_locks.o
                0x1ffe005c                g_hw_lock_POEG_0U_0U
 .hw_lock.POEG_0U_1U
                0x1ffe005d        0x1 ./synergy/ssp/src/bsp/mcu/s7g2/bsp_hw_locks.o
                0x1ffe005d                g_hw_lock_POEG_0U_1U
 .hw_lock.POEG_0U_2U
                0x1ffe005e        0x1 ./synergy/ssp/src/bsp/mcu/s7g2/bsp_hw_locks.o
                0x1ffe005e                g_hw_lock_POEG_0U_2U
 .hw_lock.POEG_0U_3U
                0x1ffe005f        0x1 ./synergy/ssp/src/bsp/mcu/s7g2/bsp_hw_locks.o
                0x1ffe005f                g_hw_lock_POEG_0U_3U
 .hw_lock.QSPI_0U_0U
                0x1ffe0060        0x1 ./synergy/ssp/src/bsp/mcu/s7g2/bsp_hw_locks.o
                0x1ffe0060                g_hw_lock_QSPI_0U_0U
 .hw_lock.RTC_0U_0U
                0x1ffe0061        0x1 ./synergy/ssp/src/bsp/mcu/s7g2/bsp_hw_locks.o
                0x1ffe0061                g_hw_lock_RTC_0U_0U
 .hw_lock.SCE_0U_0U
                0x1ffe0062        0x1 ./synergy/ssp/src/bsp/mcu/s7g2/bsp_hw_locks.o
                0x1ffe0062                g_hw_lock_SCE_0U_0U
 .hw_lock.SCI_0U_0U
                0x1ffe0063        0x1 ./synergy/ssp/src/bsp/mcu/s7g2/bsp_hw_locks.o
                0x1ffe0063                g_hw_lock_SCI_0U_0U
 .hw_lock.SCI_0U_1U
                0x1ffe0064        0x1 ./synergy/ssp/src/bsp/mcu/s7g2/bsp_hw_locks.o
                0x1ffe0064                g_hw_lock_SCI_0U_1U
 .hw_lock.SCI_0U_2U
                0x1ffe0065        0x1 ./synergy/ssp/src/bsp/mcu/s7g2/bsp_hw_locks.o
                0x1ffe0065                g_hw_lock_SCI_0U_2U
 .hw_lock.SCI_0U_3U
                0x1ffe0066        0x1 ./synergy/ssp/src/bsp/mcu/s7g2/bsp_hw_locks.o
                0x1ffe0066                g_hw_lock_SCI_0U_3U
 .hw_lock.SCI_0U_4U
                0x1ffe0067        0x1 ./synergy/ssp/src/bsp/mcu/s7g2/bsp_hw_locks.o
                0x1ffe0067                g_hw_lock_SCI_0U_4U
 .hw_lock.SCI_0U_5U
                0x1ffe0068        0x1 ./synergy/ssp/src/bsp/mcu/s7g2/bsp_hw_locks.o
                0x1ffe0068                g_hw_lock_SCI_0U_5U
 .hw_lock.SCI_0U_6U
                0x1ffe0069        0x1 ./synergy/ssp/src/bsp/mcu/s7g2/bsp_hw_locks.o
                0x1ffe0069                g_hw_lock_SCI_0U_6U
 .hw_lock.SCI_0U_7U
                0x1ffe006a        0x1 ./synergy/ssp/src/bsp/mcu/s7g2/bsp_hw_locks.o
                0x1ffe006a                g_hw_lock_SCI_0U_7U
 .hw_lock.SCI_0U_8U
                0x1ffe006b        0x1 ./synergy/ssp/src/bsp/mcu/s7g2/bsp_hw_locks.o
                0x1ffe006b                g_hw_lock_SCI_0U_8U
 .hw_lock.SCI_0U_9U
                0x1ffe006c        0x1 ./synergy/ssp/src/bsp/mcu/s7g2/bsp_hw_locks.o
                0x1ffe006c                g_hw_lock_SCI_0U_9U
 .hw_lock.SDHIMMC_0U_0U
                0x1ffe006d        0x1 ./synergy/ssp/src/bsp/mcu/s7g2/bsp_hw_locks.o
                0x1ffe006d                g_hw_lock_SDHIMMC_0U_0U
 .hw_lock.SDHIMMC_0U_1U
                0x1ffe006e        0x1 ./synergy/ssp/src/bsp/mcu/s7g2/bsp_hw_locks.o
                0x1ffe006e                g_hw_lock_SDHIMMC_0U_1U
 .hw_lock.SPI_0U_0U
                0x1ffe006f        0x1 ./synergy/ssp/src/bsp/mcu/s7g2/bsp_hw_locks.o
                0x1ffe006f                g_hw_lock_SPI_0U_0U
 .hw_lock.SPI_0U_1U
                0x1ffe0070        0x1 ./synergy/ssp/src/bsp/mcu/s7g2/bsp_hw_locks.o
                0x1ffe0070                g_hw_lock_SPI_0U_1U
 .hw_lock.SRC_0U_0U
                0x1ffe0071        0x1 ./synergy/ssp/src/bsp/mcu/s7g2/bsp_hw_locks.o
                0x1ffe0071                g_hw_lock_SRC_0U_0U
 .hw_lock.SSI_0U_0U
                0x1ffe0072        0x1 ./synergy/ssp/src/bsp/mcu/s7g2/bsp_hw_locks.o
                0x1ffe0072                g_hw_lock_SSI_0U_0U
 .hw_lock.SSI_0U_1U
                0x1ffe0073        0x1 ./synergy/ssp/src/bsp/mcu/s7g2/bsp_hw_locks.o
                0x1ffe0073                g_hw_lock_SSI_0U_1U
 .hw_lock.TSN_0U_0U
                0x1ffe0074        0x1 ./synergy/ssp/src/bsp/mcu/s7g2/bsp_hw_locks.o
                0x1ffe0074                g_hw_lock_TSN_0U_0U
 .hw_lock.USB_0U_0U
                0x1ffe0075        0x1 ./synergy/ssp/src/bsp/mcu/s7g2/bsp_hw_locks.o
                0x1ffe0075                g_hw_lock_USB_0U_0U
 .hw_lock.USB_1U_0U
                0x1ffe0076        0x1 ./synergy/ssp/src/bsp/mcu/s7g2/bsp_hw_locks.o
                0x1ffe0076                g_hw_lock_USB_1U_0U
 .hw_lock.WDT_0U_0U
                0x1ffe0077        0x1 ./synergy/ssp/src/bsp/mcu/s7g2/bsp_hw_locks.o
                0x1ffe0077                g_hw_lock_WDT_0U_0U
                0x1ffe0078                __Lock_End = .
                0x1ffe0078                . = ALIGN (0x4)
                0x1ffe0078                __data_end__ = .
                0x0000006c                __Lock_Size = (__Lock_End - __Lock_Start)

.igot.plt       0x1ffe0078        0x0 load address 0x0000441c
 .igot.plt      0x00000000        0x0 c:/program files (x86)/gnu tools arm embedded/4.9 2015q3/bin/../lib/gcc/arm-none-eabi/4.9.3/armv7e-m/fpu/crtbegin.o

.qspi_flash     0x60000000        0x0
                0x60000000                __qspi_flash_start__ = .
 *(.qspi_flash*)
                0x60000000                __qspi_flash_end__ = .
                0x00000000                __qspi_flash_code_size__ = (__qspi_flash_end__ - __qspi_flash_start__)
                0x0000441c                __qspi_flash_code_addr__ = (__etext + (__data_end__ - __data_start__))

.qspi_non_retentive
                0x60000000        0x0 load address 0x0000441c
                0x60000000                __qspi_non_retentive_start__ = .
 *(.qspi_non_retentive*)
                0x60000000                __qspi_non_retentive_end__ = .
                0x00000000                __qspi_non_retentive_size__ = (__qspi_non_retentive_end__ - __qspi_non_retentive_start__)
                0x04000000                __qspi_region_max_size__ = 0x4000000
                0x60000000                __qspi_region_start_address__ = __qspi_flash_start__
                0x64000000                __qspi_region_end_address__ = (__qspi_flash_start__ + __qspi_region_max_size__)

.noinit         0x1ffe0078       0x38 load address 0x0000441c
                0x1ffe0078                . = ALIGN (0x4)
                0x1ffe0078                __noinit_start = .
 *(.noinit*)
 .noinit        0x1ffe0078       0x14 ./synergy/ssp/src/driver/r_ioport/r_ioport.o
 .noinit        0x1ffe008c        0x4 ./synergy/ssp/src/driver/r_fmi/r_fmi.o
 .noinit        0x1ffe0090       0x18 ./synergy/ssp/src/driver/r_cgc/hw/hw_cgc.o
 .noinit        0x1ffe00a8        0x8 ./synergy/ssp/src/driver/r_cgc/r_cgc.o
                0x1ffe00a8                gp_cgc_feature
                0x1ffe00b0                __noinit_end = .

.bss            0x1ffe00b0       0xb0 load address 0x00004454
                0x1ffe00b0                . = ALIGN (0x4)
                0x1ffe00b0                __bss_start__ = .
 *(.bss*)
 .bss           0x1ffe00b0       0x1c c:/program files (x86)/gnu tools arm embedded/4.9 2015q3/bin/../lib/gcc/arm-none-eabi/4.9.3/armv7e-m/fpu/crtbegin.o
 .bss.g_protect_pfswe_counter
                0x1ffe00cc        0x2 ./synergy/ssp/src/driver/r_ioport/r_ioport.o
                0x1ffe00cc                g_protect_pfswe_counter
 *fill*         0x1ffe00ce        0x2 
 .bss.gp_elc_reg
                0x1ffe00d0        0x4 ./synergy/ssp/src/driver/r_elc/r_elc.o
 .bss.g_bsp_group_irq_sources
                0x1ffe00d4       0x30 ./synergy/ssp/src/bsp/mcu/s7g2/bsp_group_irq.o
 .bss.g_vector_information_size
                0x1ffe0104        0x4 ./synergy/ssp/src/bsp/mcu/all/bsp_irq.o
                0x1ffe0104                g_vector_information_size
 .bss.g_bsp_lock_lookup_size
                0x1ffe0108        0x4 ./synergy/ssp/src/bsp/mcu/all/bsp_locking.o
 .bss.gp_bsp_lock_lookup
                0x1ffe010c        0x4 ./synergy/ssp/src/bsp/mcu/all/bsp_locking.o
 .bss.gp_bsp_locks
                0x1ffe0110        0x4 ./synergy/ssp/src/bsp/mcu/all/bsp_locking.o
 .bss.g_protect_counters
                0x1ffe0114        0x6 ./synergy/ssp/src/bsp/mcu/all/bsp_register_protection.o
 *fill*         0x1ffe011a        0x2 
 .bss.SystemCoreClock
                0x1ffe011c        0x4 ./synergy/ssp/src/bsp/cmsis/Device/RENESAS/S7G2/Source/system_S7G2.o
                0x1ffe011c                SystemCoreClock
 .bss.device_characteristics
                0x1ffe0120        0x3 ./synergy/board/s7g2_sk/bsp_qspi.o
 *fill*         0x1ffe0123        0x1 
 .bss.flag_status1
                0x1ffe0124        0x1 ./synergy/board/s7g2_sk/bsp_qspi.o
 *fill*         0x1ffe0125        0x3 
 .bss.flag_status2
                0x1ffe0128        0x1 ./synergy/board/s7g2_sk/bsp_qspi.o
 *fill*         0x1ffe0129        0x3 
 .bss.gp_ctrl_ICU_IRQ10
                0x1ffe012c        0x4 ./src/synergy_gen/hal_data.o
 .bss.gp_ctrl_ICU_IRQ11
                0x1ffe0130        0x4 ./src/synergy_gen/hal_data.o
 .bss.g_external_irq11_ctrl
                0x1ffe0134       0x14 ./src/synergy_gen/hal_data.o
 .bss.g_external_irq10_ctrl
                0x1ffe0148       0x14 ./src/synergy_gen/hal_data.o
 .bss.CarWantsToPass
                0x1ffe015c        0x1 ./src/hal_entry.o
                0x1ffe015c                CarWantsToPass
 .bss.PersonWantsToPass
                0x1ffe015d        0x1 ./src/hal_entry.o
                0x1ffe015d                PersonWantsToPass
 *(COMMON)
                0x1ffe0160                . = ALIGN (0x4)
 *fill*         0x1ffe015e        0x2 
                0x1ffe0160                __bss_end__ = .

.heap           0x1ffe0160     0x1000 load address 0x00004508
                0x1ffe0160                . = ALIGN (0x8)
 *(.heap_d1)
                0x1ffe0160                . = ALIGN (0x8)
                0x1ffe0160                __HeapBase = .
                0x1ffe0160                __end__ = .
                0x1ffe0160                end = __end__
 *(.heap*)
 .heap          0x1ffe0160     0x1000 ./synergy/ssp/src/bsp/cmsis/Device/RENESAS/S7G2/Source/startup_S7G2.o
                0x1ffe1160                __HeapLimit = .

.stack_dummy    0x1ffe1160     0x1000 load address 0x00005508
                0x1ffe1160                . = ALIGN (0x8)
                0x1ffe1160                __StackLimit = .
 *(.stack*)
 .stack         0x1ffe1160     0x1000 ./synergy/ssp/src/bsp/cmsis/Device/RENESAS/S7G2/Source/startup_S7G2.o
                0x1ffe2160                __StackTop = .
                0x1ffe2160                PROVIDE (__stack, __StackTop)
                0x1ffe2160                __RAM_segment_used_end__ = ALIGN (__StackTop, 0x4)

.data_flash     0x40100000        0x0
                0x40100000                __Data_Flash_Start = .
 *(.data_flash*)
                0x40100000                __Data_Flash_End = .

.sdram          0x90000000        0x0
                0x90000000                __SDRAM_Start = .
 *(.sdram*)
 *(.frame*)
                0x90000000                __SDRAM_End = .

.id_code_1      0x40120050       0x10
                0x40120050                __ID_Codes_Start = .
 *(.id_code_1*)
 .id_code_1     0x40120050       0x10 ./synergy/ssp/src/bsp/mcu/s7g2/bsp_rom_registers.o
                0x40120060                __ID_Codes_End = .
OUTPUT(Proy_4_ControlSemaforo.elf elf32-littlearm)

.rel.dyn        0x40120060        0x0
 .rel.iplt      0x00000000        0x0 c:/program files (x86)/gnu tools arm embedded/4.9 2015q3/bin/../lib/gcc/arm-none-eabi/4.9.3/armv7e-m/fpu/crtbegin.o

.ARM.attributes
                0x00000000       0x30
 .ARM.attributes
                0x00000000       0x22 c:/program files (x86)/gnu tools arm embedded/4.9 2015q3/bin/../lib/gcc/arm-none-eabi/4.9.3/armv7e-m/fpu/crti.o
 .ARM.attributes
                0x00000022       0x34 c:/program files (x86)/gnu tools arm embedded/4.9 2015q3/bin/../lib/gcc/arm-none-eabi/4.9.3/armv7e-m/fpu/crtbegin.o
 .ARM.attributes
                0x00000056       0x39 ./synergy/ssp/src/driver/r_ioport/r_ioport.o
 .ARM.attributes
                0x0000008f       0x39 ./synergy/ssp/src/driver/r_icu/r_icu.o
 .ARM.attributes
                0x000000c8       0x39 ./synergy/ssp/src/driver/r_fmi/r_fmi.o
 .ARM.attributes
                0x00000101       0x39 ./synergy/ssp/src/driver/r_elc/r_elc.o
 .ARM.attributes
                0x0000013a       0x39 ./synergy/ssp/src/driver/r_cgc/hw/hw_cgc.o
 .ARM.attributes
                0x00000173       0x39 ./synergy/ssp/src/driver/r_cgc/r_cgc.o
 .ARM.attributes
                0x000001ac       0x39 ./synergy/ssp/src/bsp/mcu/s7g2/bsp_cache.o
 .ARM.attributes
                0x000001e5       0x39 ./synergy/ssp/src/bsp/mcu/s7g2/bsp_clocks.o
 .ARM.attributes
                0x0000021e       0x39 ./synergy/ssp/src/bsp/mcu/s7g2/bsp_feature.o
 .ARM.attributes
                0x00000257       0x39 ./synergy/ssp/src/bsp/mcu/s7g2/bsp_fmi_R7FS7G27H3A01CFC.o
 .ARM.attributes
                0x00000290       0x39 ./synergy/ssp/src/bsp/mcu/s7g2/bsp_group_irq.o
 .ARM.attributes
                0x000002c9       0x39 ./synergy/ssp/src/bsp/mcu/s7g2/bsp_hw_locks.o
 .ARM.attributes
                0x00000302       0x39 ./synergy/ssp/src/bsp/mcu/s7g2/bsp_module_stop.o
 .ARM.attributes
                0x0000033b       0x39 ./synergy/ssp/src/bsp/mcu/s7g2/bsp_rom_registers.o
 .ARM.attributes
                0x00000374       0x39 ./synergy/ssp/src/bsp/mcu/all/bsp_common.o
 .ARM.attributes
                0x000003ad       0x39 ./synergy/ssp/src/bsp/mcu/all/bsp_delay.o
 .ARM.attributes
                0x000003e6       0x39 ./synergy/ssp/src/bsp/mcu/all/bsp_irq.o
 .ARM.attributes
                0x0000041f       0x39 ./synergy/ssp/src/bsp/mcu/all/bsp_locking.o
 .ARM.attributes
                0x00000458       0x39 ./synergy/ssp/src/bsp/mcu/all/bsp_register_protection.o
 .ARM.attributes
                0x00000491       0x39 ./synergy/ssp/src/bsp/cmsis/Device/RENESAS/S7G2/Source/startup_S7G2.o
 .ARM.attributes
                0x000004ca       0x39 ./synergy/ssp/src/bsp/cmsis/Device/RENESAS/S7G2/Source/system_S7G2.o
 .ARM.attributes
                0x00000503       0x39 ./synergy/board/s7g2_sk/bsp_init.o
 .ARM.attributes
                0x0000053c       0x39 ./synergy/board/s7g2_sk/bsp_qspi.o
 .ARM.attributes
                0x00000575       0x39 ./src/synergy_gen/common_data.o
 .ARM.attributes
                0x000005ae       0x39 ./src/synergy_gen/hal_data.o
 .ARM.attributes
                0x000005e7       0x39 ./src/synergy_gen/main.o
 .ARM.attributes
                0x00000620       0x39 ./src/synergy_gen/pin_data.o
 .ARM.attributes
                0x00000659       0x39 ./src/hal_entry.o
 .ARM.attributes
                0x00000692       0x34 c:/program files (x86)/gnu tools arm embedded/4.9 2015q3/bin/../lib/gcc/arm-none-eabi/4.9.3/armv7e-m/fpu/crtend.o
 .ARM.attributes
                0x000006c6       0x22 c:/program files (x86)/gnu tools arm embedded/4.9 2015q3/bin/../lib/gcc/arm-none-eabi/4.9.3/armv7e-m/fpu/crtn.o

.comment        0x00000000       0x70
 .comment       0x00000000       0x70 ./synergy/ssp/src/driver/r_ioport/r_ioport.o
                                 0x71 (size before relaxing)
 .comment       0x00000000       0x71 ./synergy/ssp/src/driver/r_icu/r_icu.o
 .comment       0x00000000       0x71 ./synergy/ssp/src/driver/r_fmi/r_fmi.o
 .comment       0x00000000       0x71 ./synergy/ssp/src/driver/r_elc/r_elc.o
 .comment       0x00000000       0x71 ./synergy/ssp/src/driver/r_cgc/hw/hw_cgc.o
 .comment       0x00000000       0x71 ./synergy/ssp/src/driver/r_cgc/r_cgc.o
 .comment       0x00000000       0x71 ./synergy/ssp/src/bsp/mcu/s7g2/bsp_cache.o
 .comment       0x00000000       0x71 ./synergy/ssp/src/bsp/mcu/s7g2/bsp_clocks.o
 .comment       0x00000000       0x71 ./synergy/ssp/src/bsp/mcu/s7g2/bsp_feature.o
 .comment       0x00000000       0x71 ./synergy/ssp/src/bsp/mcu/s7g2/bsp_fmi_R7FS7G27H3A01CFC.o
 .comment       0x00000000       0x71 ./synergy/ssp/src/bsp/mcu/s7g2/bsp_group_irq.o
 .comment       0x00000000       0x71 ./synergy/ssp/src/bsp/mcu/s7g2/bsp_hw_locks.o
 .comment       0x00000000       0x71 ./synergy/ssp/src/bsp/mcu/s7g2/bsp_module_stop.o
 .comment       0x00000000       0x71 ./synergy/ssp/src/bsp/mcu/s7g2/bsp_rom_registers.o
 .comment       0x00000000       0x71 ./synergy/ssp/src/bsp/mcu/all/bsp_common.o
 .comment       0x00000000       0x71 ./synergy/ssp/src/bsp/mcu/all/bsp_delay.o
 .comment       0x00000000       0x71 ./synergy/ssp/src/bsp/mcu/all/bsp_irq.o
 .comment       0x00000000       0x71 ./synergy/ssp/src/bsp/mcu/all/bsp_locking.o
 .comment       0x00000000       0x71 ./synergy/ssp/src/bsp/mcu/all/bsp_register_protection.o
 .comment       0x00000000       0x71 ./synergy/ssp/src/bsp/cmsis/Device/RENESAS/S7G2/Source/startup_S7G2.o
 .comment       0x00000000       0x71 ./synergy/ssp/src/bsp/cmsis/Device/RENESAS/S7G2/Source/system_S7G2.o
 .comment       0x00000000       0x71 ./synergy/board/s7g2_sk/bsp_init.o
 .comment       0x00000000       0x71 ./synergy/board/s7g2_sk/bsp_qspi.o
 .comment       0x00000000       0x71 ./src/synergy_gen/common_data.o
 .comment       0x00000000       0x71 ./src/synergy_gen/hal_data.o
 .comment       0x00000000       0x71 ./src/synergy_gen/main.o
 .comment       0x00000000       0x71 ./src/synergy_gen/pin_data.o
 .comment       0x00000000       0x71 ./src/hal_entry.o

.debug_info     0x00000000    0x37b76
 .debug_info    0x00000000     0xfa7c ./synergy/ssp/src/driver/r_ioport/r_ioport.o
 .debug_info    0x0000fa7c     0x3293 ./synergy/ssp/src/driver/r_icu/r_icu.o
 .debug_info    0x00012d0f     0x26ea ./synergy/ssp/src/driver/r_fmi/r_fmi.o
 .debug_info    0x000153f9     0x2245 ./synergy/ssp/src/driver/r_elc/r_elc.o
 .debug_info    0x0001763e     0x4344 ./synergy/ssp/src/driver/r_cgc/hw/hw_cgc.o
 .debug_info    0x0001b982     0x58df ./synergy/ssp/src/driver/r_cgc/r_cgc.o
 .debug_info    0x00021261      0x855 ./synergy/ssp/src/bsp/mcu/s7g2/bsp_cache.o
 .debug_info    0x00021ab6     0x1671 ./synergy/ssp/src/bsp/mcu/s7g2/bsp_clocks.o
 .debug_info    0x00023127      0x8d3 ./synergy/ssp/src/bsp/mcu/s7g2/bsp_feature.o
 .debug_info    0x000239fa      0x168 ./synergy/ssp/src/bsp/mcu/s7g2/bsp_fmi_R7FS7G27H3A01CFC.o
 .debug_info    0x00023b62     0x12c8 ./synergy/ssp/src/bsp/mcu/s7g2/bsp_group_irq.o
 .debug_info    0x00024e2a     0x1243 ./synergy/ssp/src/bsp/mcu/s7g2/bsp_hw_locks.o
 .debug_info    0x0002606d     0x2bc3 ./synergy/ssp/src/bsp/mcu/s7g2/bsp_module_stop.o
 .debug_info    0x00028c30      0x18e ./synergy/ssp/src/bsp/mcu/s7g2/bsp_rom_registers.o
 .debug_info    0x00028dbe      0x7ec ./synergy/ssp/src/bsp/mcu/all/bsp_common.o
 .debug_info    0x000295aa      0x257 ./synergy/ssp/src/bsp/mcu/all/bsp_delay.o
 .debug_info    0x00029801      0xb55 ./synergy/ssp/src/bsp/mcu/all/bsp_irq.o
 .debug_info    0x0002a356      0xca0 ./synergy/ssp/src/bsp/mcu/all/bsp_locking.o
 .debug_info    0x0002aff6     0x1fd4 ./synergy/ssp/src/bsp/mcu/all/bsp_register_protection.o
 .debug_info    0x0002cfca      0x216 ./synergy/ssp/src/bsp/cmsis/Device/RENESAS/S7G2/Source/startup_S7G2.o
 .debug_info    0x0002d1e0     0x2989 ./synergy/ssp/src/bsp/cmsis/Device/RENESAS/S7G2/Source/system_S7G2.o
 .debug_info    0x0002fb69      0x17f ./synergy/board/s7g2_sk/bsp_init.o
 .debug_info    0x0002fce8      0xfef ./synergy/board/s7g2_sk/bsp_qspi.o
 .debug_info    0x00030cd7     0x2c7e ./src/synergy_gen/common_data.o
 .debug_info    0x00033955     0x22d9 ./src/synergy_gen/hal_data.o
 .debug_info    0x00035c2e       0x5b ./src/synergy_gen/main.o
 .debug_info    0x00035c89      0x8ec ./src/synergy_gen/pin_data.o
 .debug_info    0x00036575     0x1601 ./src/hal_entry.o
